Component: ARM Compiler 5.06 update 7 (build 960) Tool: armlink [4d3601]

==============================================================================

Section Cross References

    gpio.o(i._Z9GPIO_InitP13GPIO_Handle_t) refers to gpio.o(i._Z22GPIO_Periclock_controlP12GPIO_TypeDefh) for GPIO_Periclock_control(GPIO_TypeDef*, unsigned char)
    gpio.o(.ARM.exidx) refers to gpio.o(i._Z22GPIO_Periclock_controlP12GPIO_TypeDefh) for i._Z22GPIO_Periclock_controlP12GPIO_TypeDefh
    gpio.o(.ARM.exidx) refers to gpio.o(i._Z9GPIO_InitP13GPIO_Handle_t) for i._Z9GPIO_InitP13GPIO_Handle_t
    gpio.o(.ARM.exidx) refers to gpio.o(i._Z11GPIO_DeInitP12GPIO_TypeDef) for i._Z11GPIO_DeInitP12GPIO_TypeDef
    gpio.o(.ARM.exidx) refers to gpio.o(i._Z9GPIO_ReadP12GPIO_TypeDefh) for i._Z9GPIO_ReadP12GPIO_TypeDefh
    gpio.o(.ARM.exidx) refers to gpio.o(i._Z10GPIO_WriteP12GPIO_TypeDefhh) for i._Z10GPIO_WriteP12GPIO_TypeDefhh
    gpio.o(.ARM.exidx) refers to gpio.o(i._Z11GPIO_ToggleP12GPIO_TypeDefh) for i._Z11GPIO_ToggleP12GPIO_TypeDefh
    gpio.o(.ARM.exidx) refers to gpio.o(i._Z14GPIO_IRQconfighh) for i._Z14GPIO_IRQconfighh
    gpio.o(.ARM.exidx) refers to gpio.o(i._Z16GPIO_IRQPriorityjh) for i._Z16GPIO_IRQPriorityjh
    gpio.o(.ARM.exidx) refers to gpio.o(i._Z16GPIO_IRQHandlingh) for i._Z16GPIO_IRQHandlingh
    lcd.o(i._Z10LCD_enablev) refers to gpio.o(i._Z10GPIO_WriteP12GPIO_TypeDefhh) for GPIO_Write(GPIO_TypeDef*, unsigned char, unsigned char)
    lcd.o(i._Z11LCD_commandh) refers to gpio.o(i._Z10GPIO_WriteP12GPIO_TypeDefhh) for GPIO_Write(GPIO_TypeDef*, unsigned char, unsigned char)
    lcd.o(i._Z11LCD_commandh) refers to lcd.o(i._Z10LCD_enablev) for LCD_enable()
    lcd.o(i._Z3lcdPc) refers to lcd.o(i._Z8LCD_putch) for LCD_putc(unsigned char)
    lcd.o(i._Z3lcddt) refers to dfix.o(x$fpl$dfix) for __aeabi_d2iz
    lcd.o(i._Z3lcddt) refers to drleqf.o(x$fpl$drleqf) for __aeabi_cdrcmple
    lcd.o(i._Z3lcddt) refers to dflt_clz.o(x$fpl$dflt) for __aeabi_i2d
    lcd.o(i._Z3lcddt) refers to daddsub_clz.o(x$fpl$drsb) for __aeabi_drsub
    lcd.o(i._Z3lcddt) refers to basic.o(x$fpl$basic) for __aeabi_dneg
    lcd.o(i._Z3lcddt) refers to dleqf.o(x$fpl$dleqf) for __aeabi_cdcmple
    lcd.o(i._Z3lcddt) refers to lcd.o(i._Z8LCD_putch) for LCD_putc(unsigned char)
    lcd.o(i._Z3lcddt) refers to lcd.o(i._Z3lcdi) for lcd(int)
    lcd.o(i._Z3lcddt) refers to pow.o(i.__hardfp_pow) for __hardfp_pow
    lcd.o(i._Z3lcddt) refers to dmul.o(x$fpl$dmul) for __aeabi_dmul
    lcd.o(i._Z3lcdft) refers to lcd.o(i._Z8LCD_putch) for LCD_putc(unsigned char)
    lcd.o(i._Z3lcdft) refers to lcd.o(i._Z3lcdi) for lcd(int)
    lcd.o(i._Z3lcdft) refers to powf.o(i.__hardfp_powf) for __hardfp_powf
    lcd.o(i._Z3lcdi) refers to lcd.o(i._Z8LCD_putch) for LCD_putc(unsigned char)
    lcd.o(i._Z3lcdj) refers to lcd.o(i._Z8LCD_putch) for LCD_putc(unsigned char)
    lcd.o(i._Z8LCD_GPIOv) refers to gpio.o(i._Z9GPIO_InitP13GPIO_Handle_t) for GPIO_Init(GPIO_Handle_t*)
    lcd.o(i._Z8LCD_putch) refers to gpio.o(i._Z10GPIO_WriteP12GPIO_TypeDefhh) for GPIO_Write(GPIO_TypeDef*, unsigned char, unsigned char)
    lcd.o(i._Z8LCD_putch) refers to lcd.o(i._Z10LCD_enablev) for LCD_enable()
    lcd.o(i._Z9ConfigLcdv) refers to lcd.o(i._Z8LCD_GPIOv) for LCD_GPIO()
    lcd.o(i._Z9ConfigLcdv) refers to gpio.o(i._Z10GPIO_WriteP12GPIO_TypeDefhh) for GPIO_Write(GPIO_TypeDef*, unsigned char, unsigned char)
    lcd.o(i._Z9ConfigLcdv) refers to lcd.o(i._Z11LCD_commandh) for LCD_command(unsigned char)
    lcd.o(i._Z9ConfigLcdv) refers to daddsub_clz.o(x$fpl$dadd) for __aeabi_dadd
    lcd.o(i._Z9ConfigLcdv) refers to dleqf.o(x$fpl$dleqf) for __aeabi_cdcmple
    lcd.o(.ARM.exidx) refers to lcd.o(i._Z8LCD_GPIOv) for i._Z8LCD_GPIOv
    lcd.o(.ARM.exidx) refers to lcd.o(i._Z10LCD_enablev) for i._Z10LCD_enablev
    lcd.o(.ARM.exidx) refers to lcd.o(i._Z11LCD_commandh) for i._Z11LCD_commandh
    lcd.o(.ARM.exidx) refers to lcd.o(i._Z9ConfigLcdv) for i._Z9ConfigLcdv
    lcd.o(.ARM.exidx) refers to lcd.o(i._Z8LCD_putch) for i._Z8LCD_putch
    lcd.o(.ARM.exidx) refers to lcd.o(i._Z3lcdPc) for i._Z3lcdPc
    lcd.o(.ARM.exidx) refers to lcd.o(i._Z3lcdi) for i._Z3lcdi
    lcd.o(.ARM.exidx) refers to lcd.o(i._Z3lcdj) for i._Z3lcdj
    lcd.o(.ARM.exidx) refers to lcd.o(i._Z3lcdft) for i._Z3lcdft
    lcd.o(.ARM.exidx) refers to lcd.o(i._Z3lcddt) for i._Z3lcddt
    rcc.o(.ARM.exidx) refers to rcc.o(i._Z8RCC_Initv) for i._Z8RCC_Initv
    rcc.o(.ARM.exidx) refers to rcc.o(i._Z8RCC_testv) for i._Z8RCC_testv
    spi.o(.ARM.exidx) refers to spi.o(i._Z16SPI_ClockControlP11SPI_TypeDefh) for i._Z16SPI_ClockControlP11SPI_TypeDefh
    spi.o(.ARM.exidx) refers to spi.o(i._Z8SPI_InitP12SPI_Handle_t) for i._Z8SPI_InitP12SPI_Handle_t
    spi.o(.ARM.exidx) refers to spi.o(i._Z15SPI_CommunicateP11SPI_TypeDefc) for i._Z15SPI_CommunicateP11SPI_TypeDefc
    spi.o(.ARM.exidx) refers to spi.o(i._Z13SPI_IRQconfigP11SPI_TypeDefhhh) for i._Z13SPI_IRQconfigP11SPI_TypeDefhhh
[...]
    daddsub_clz.o(x$fpl$drsb) refers to daddsub_clz.o(x$fpl$dsub) for _dsub1
    daddsub_clz.o(x$fpl$dsub) refers (Special) to usenofp.o(x$fpl$usenofp) for __I$use$fp
    daddsub_clz.o(x$fpl$dsub) refers to daddsub_clz.o(x$fpl$dadd) for _dadd1
    daddsub_clz.o(x$fpl$dsub) refers to dnaninf.o(x$fpl$dnaninf) for __fpl_dnaninf
    dfix.o(x$fpl$dfix) refers (Special) to usenofp.o(x$fpl$usenofp) for __I$use$fp
    dfix.o(x$fpl$dfix) refers to dnaninf.o(x$fpl$dnaninf) for __fpl_dnaninf
    dfix.o(x$fpl$dfixr) refers (Special) to usenofp.o(x$fpl$usenofp) for __I$use$fp
    dfix.o(x$fpl$dfixr) refers to dnaninf.o(x$fpl$dnaninf) for __fpl_dnaninf
    dfixu.o(x$fpl$dfixu) refers (Special) to usenofp.o(x$fpl$usenofp) for __I$use$fp
    dfixu.o(x$fpl$dfixu) refers to dnaninf.o(x$fpl$dnaninf) for __fpl_dnaninf
    dfixu.o(x$fpl$dfixur) refers (Special) to usenofp.o(x$fpl$usenofp) for __I$use$fp
    dfixu.o(x$fpl$dfixur) refers to dnaninf.o(x$fpl$dnaninf) for __fpl_dnaninf
    dflt_clz.o(x$fpl$dfltu) refers (Special) to usenofp.o(x$fpl$usenofp) for __I$use$fp
    dflt_clz.o(x$fpl$dflt) refers (Special) to usenofp.o(x$fpl$usenofp) for __I$use$fp
    dflt_clz.o(x$fpl$dfltn) refers (Special) to usenofp.o(x$fpl$usenofp) for __I$use$fp
    dleqf.o(x$fpl$dleqf) refers (Special) to usenofp.o(x$fpl$usenofp) for __I$use$fp
    dleqf.o(x$fpl$dleqf) refers to dnaninf.o(x$fpl$dnaninf) for __fpl_dnaninf
    dleqf.o(x$fpl$dleqf) refers to dcmpi.o(x$fpl$dcmpinf) for __fpl_dcmp_Inf
    dmul.o(x$fpl$dmul) refers (Special) to usenofp.o(x$fpl$usenofp) for __I$use$fp
    dmul.o(x$fpl$dmul) refers to dretinf.o(x$fpl$dretinf) for __fpl_dretinf
    dmul.o(x$fpl$dmul) refers to dnaninf.o(x$fpl$dnaninf) for __fpl_dnaninf
    drleqf.o(x$fpl$drleqf) refers (Special) to usenofp.o(x$fpl$usenofp) for __I$use$fp
    drleqf.o(x$fpl$drleqf) refers to dleqf.o(x$fpl$dleqf) for __fpl_dcmple_InfNaN
    pow.o(i.__hardfp_pow) refers (Special) to usenofp.o(x$fpl$usenofp) for __I$use$fp
    pow.o(i.__hardfp_pow) refers to dunder.o(i.__mathlib_dbl_infnan2) for __mathlib_dbl_infnan2
    pow.o(i.__hardfp_pow) refers to _rserrno.o(.text) for __set_errno
    pow.o(i.__hardfp_pow) refers to dunder.o(i.__mathlib_dbl_divzero) for __mathlib_dbl_divzero
    pow.o(i.__hardfp_pow) refers to basic.o(x$fpl$basic) for __aeabi_dneg
    pow.o(i.__hardfp_pow) refers to dunder.o(i.__mathlib_dbl_overflow) for __mathlib_dbl_overflow
    pow.o(i.__hardfp_pow) refers to ddiv.o(x$fpl$ddiv) for __aeabi_ddiv
    pow.o(i.__hardfp_pow) refers to sqrt.o(i.sqrt) for sqrt
    pow.o(i.__hardfp_pow) refers to fabs.o(i.fabs) for fabs
    pow.o(i.__hardfp_pow) refers to dflt_clz.o(x$fpl$dflt) for __aeabi_i2d
    pow.o(i.__hardfp_pow) refers to dunder.o(i.__mathlib_dbl_invalid) for __mathlib_dbl_invalid
    pow.o(i.__hardfp_pow) refers to dmul.o(x$fpl$dmul) for __aeabi_dmul
    pow.o(i.__hardfp_pow) refers to dunder.o(i.__mathlib_dbl_underflow) for __mathlib_dbl_underflow
    pow.o(i.__hardfp_pow) refers to daddsub_clz.o(x$fpl$dsub) for __aeabi_dsub
    pow.o(i.__hardfp_pow) refers to daddsub_clz.o(x$fpl$drsb) for __aeabi_drsub
    pow.o(i.__hardfp_pow) refers to qnan.o(.constdata) for __mathlib_zero
    pow.o(i.__hardfp_pow) refers to daddsub_clz.o(x$fpl$dadd) for __aeabi_dadd
    pow.o(i.__hardfp_pow) refers to poly.o(i.__kernel_poly) for __kernel_poly
    pow.o(i.__hardfp_pow) refers to pow.o(.constdata) for .constdata
    pow.o(i.__hardfp_pow) refers to drleqf.o(x$fpl$drleqf) for __aeabi_cdrcmple
    pow.o(i.__hardfp_pow) refers to scalbn.o(x$fpl$scalbn) for __ARM_scalbn
    pow.o(i.__hardfp_pow) refers to fpclassify.o(i.__ARM_fpclassify) for __ARM_fpclassify
    pow.o(i.__softfp_pow) refers (Special) to usenofp.o(x$fpl$usenofp) for __I$use$fp
    pow.o(i.__softfp_pow) refers to pow.o(i.__hardfp_pow) for __hardfp_pow
    pow.o(i.pow) refers (Special) to usenofp.o(x$fpl$usenofp) for __I$use$fp
    pow.o(i.pow) refers to pow.o(i.__hardfp_pow) for __hardfp_pow
    pow.o(.constdata) refers (Special) to usenofp.o(x$fpl$usenofp) for __I$use$fp
    pow_x.o(i.____hardfp_pow$lsc) refers (Special) to usenofp.o(x$fpl$usenofp) for __I$use$fp
    pow_x.o(i.____hardfp_pow$lsc) refers to dunder.o(i.__mathlib_dbl_infnan2) for __mathlib_dbl_infnan2
    pow_x.o(i.____hardfp_pow$lsc) refers to _rserrno.o(.text) for __set_errno
    pow_x.o(i.____hardfp_pow$lsc) refers to basic.o(x$fpl$basic) for __aeabi_dneg
    pow_x.o(i.____hardfp_pow$lsc) refers to ddiv.o(x$fpl$ddiv) for __aeabi_ddiv
    pow_x.o(i.____hardfp_pow$lsc) refers to sqrt.o(i.sqrt) for sqrt
    pow_x.o(i.____hardfp_pow$lsc) refers to fabs.o(i.fabs) for fabs
    pow_x.o(i.____hardfp_pow$lsc) refers to dflt_clz.o(x$fpl$dflt) for __aeabi_i2d
    pow_x.o(i.____hardfp_pow$lsc) refers to dmul.o(x$fpl$dmul) for __aeabi_dmul
    pow_x.o(i.____hardfp_pow$lsc) refers to daddsub_clz.o(x$fpl$dsub) for __aeabi_dsub
    pow_x.o(i.____hardfp_pow$lsc) refers to daddsub_clz.o(x$fpl$drsb) for __aeabi_drsub
    pow_x.o(i.____hardfp_pow$lsc) refers to qnan.o(.constdata) for __mathlib_zero
    pow_x.o(i.____hardfp_pow$lsc) refers to daddsub_clz.o(x$fpl$dadd) for __aeabi_dadd
    pow_x.o(i.____hardfp_pow$lsc) refers to poly.o(i.__kernel_poly) for __kernel_poly
    pow_x.o(i.____hardfp_pow$lsc) refers to pow_x.o(.constdata) for .constdata
    pow_x.o(i.____hardfp_pow$lsc) refers to drleqf.o(x$fpl$drleqf) for __aeabi_cdrcmple
    pow_x.o(i.____hardfp_pow$lsc) refers to scalbn.o(x$fpl$scalbn) for __ARM_scalbn
    pow_x.o(i.____softfp_pow$lsc) refers (Special) to usenofp.o(x$fpl$usenofp) for __I$use$fp
    pow_x.o(i.____softfp_pow$lsc) refers to pow_x.o(i.____hardfp_pow$lsc) for ____hardfp_pow$lsc
    pow_x.o(i.__pow$lsc) refers (Special) to usenofp.o(x$fpl$usenofp) for __I$use$fp
    pow_x.o(i.__pow$lsc) refers to pow_x.o(i.____hardfp_pow$lsc) for ____hardfp_pow$lsc
    pow_x.o(.constdata) refers (Special) to usenofp.o(x$fpl$usenofp) for __I$use$fp
    powf.o(i.__hardfp_powf) refers (Special) to usenofp.o(x$fpl$usenofp) for __I$use$fp
    powf.o(i.__hardfp_powf) refers to _rserrno.o(.text) for __set_errno
    powf.o(i.__hardfp_powf) refers to funder.o(i.__mathlib_flt_overflow) for __mathlib_flt_overflow
    powf.o(i.__hardfp_powf) refers to fpclassifyf.o(i.__ARM_fpclassifyf) for __ARM_fpclassifyf
    powf.o(i.__hardfp_powf) refers to funder.o(i.__mathlib_flt_underflow) for __mathlib_flt_underflow
    powf.o(i.__hardfp_powf) refers to funder.o(i.__mathlib_flt_invalid) for __mathlib_flt_invalid
    powf.o(i.__hardfp_powf) refers to powf.o(.constdata) for .constdata
    powf.o(i.__hardfp_powf) refers to funder.o(i.__mathlib_flt_infnan2) for __mathlib_flt_infnan2
    powf.o(i.__hardfp_powf) refers to funder.o(i.__mathlib_flt_divzero) for __mathlib_flt_divzero
    powf.o(i.__softfp_powf) refers (Special) to usenofp.o(x$fpl$usenofp) for __I$use$fp
    powf.o(i.__softfp_powf) refers to powf.o(i.__hardfp_powf) for __hardfp_powf
    powf.o(i.powf) refers (Special) to usenofp.o(x$fpl$usenofp) for __I$use$fp
    powf.o(i.powf) refers to powf.o(i.__hardfp_powf) for __hardfp_powf
    powf.o(.constdata) refers (Special) to usenofp.o(x$fpl$usenofp) for __I$use$fp
    powf_x.o(i.____hardfp_powf$lsc) refers (Special) to usenofp.o(x$fpl$usenofp) for __I$use$fp
    powf_x.o(i.____hardfp_powf$lsc) refers to _rserrno.o(.text) for __set_errno
    powf_x.o(i.____hardfp_powf$lsc) refers to powf_x.o(.constdata) for .constdata
    powf_x.o(i.____hardfp_powf$lsc) refers to funder.o(i.__mathlib_flt_infnan2) for __mathlib_flt_infnan2
    powf_x.o(i.____softfp_powf$lsc) refers (Special) to usenofp.o(x$fpl$usenofp) for __I$use$fp
    powf_x.o(i.____softfp_powf$lsc) refers to powf_x.o(i.____hardfp_powf$lsc) for ____hardfp_powf$lsc
    powf_x.o(i.__powf$lsc) refers (Special) to usenofp.o(x$fpl$usenofp) for __I$use$fp
    powf_x.o(i.__powf$lsc) refers to powf_x.o(i.____hardfp_powf$lsc) for ____hardfp_powf$lsc
    powf_x.o(.constdata) refers (Special) to usenofp.o(x$fpl$usenofp) for __I$use$fp
    __rtentry.o(.ARM.Collect$$rtentry$$00000000) refers (Special) to __rtentry2.o(.ARM.Collect$$rtentry$$0000000A) for __rt_entry_li
    __rtentry.o(.ARM.Collect$$rtentry$$00000000) refers (Special) to __rtentry2.o(.ARM.Collect$$rtentry$$0000000D) for __rt_entry_main
    __rtentry.o(.ARM.Collect$$rtentry$$00000000) refers (Special) to __rtentry2.o(.ARM.Collect$$rtentry$$0000000C) for __rt_entry_postli_1
    __rtentry.o(.ARM.Collect$$rtentry$$00000000) refers (Special) to __rtentry2.o(.ARM.Collect$$rtentry$$00000009) for __rt_entry_postsh_1
    __rtentry.o(.ARM.Collect$$rtentry$$00000000) refers (Special) to __rtentry2.o(.ARM.Collect$$rtentry$$00000002) for __rt_entry_presh_1
    __rtentry.o(.ARM.Collect$$rtentry$$00000000) refers (Special) to __rtentry4.o(.ARM.Collect$$rtentry$$00000004) for __rt_entry_sh
    _rserrno.o(.text) refers to rt_errno_addr_intlibspace.o(.text) for __aeabi_errno_addr
    dcmpi.o(x$fpl$dcmpinf) refers (Special) to usenofp.o(x$fpl$usenofp) for __I$use$fp
    ddiv.o(x$fpl$drdiv) refers (Special) to usenofp.o(x$fpl$usenofp) for __I$use$fp
    ddiv.o(x$fpl$drdiv) refers to ddiv.o(x$fpl$ddiv) for ddiv_entry
    ddiv.o(x$fpl$ddiv) refers (Special) to usenofp.o(x$fpl$usenofp) for __I$use$fp
    ddiv.o(x$fpl$ddiv) refers to dretinf.o(x$fpl$dretinf) for __fpl_dretinf
    ddiv.o(x$fpl$ddiv) refers to dnaninf.o(x$fpl$dnaninf) for __fpl_dnaninf
    dnaninf.o(x$fpl$dnaninf) refers (Special) to usenofp.o(x$fpl$usenofp) for __I$use$fp
    dretinf.o(x$fpl$dretinf) refers (Special) to usenofp.o(x$fpl$usenofp) for __I$use$fp
    istatus.o(x$fpl$ieeestatus) refers (Special) to usenofp.o(x$fpl$usenofp) for __I$use$fp
    scalbn.o(x$fpl$scalbn) refers (Special) to usenofp.o(x$fpl$usenofp) for __I$use$fp
    scalbn.o(x$fpl$scalbn) refers to dcheck1.o(x$fpl$dcheck1) for __fpl_dcheck_NaN1
    dunder.o(i.__mathlib_dbl_divzero) refers to ddiv.o(x$fpl$ddiv) for __aeabi_ddiv
    dunder.o(i.__mathlib_dbl_infnan) refers to daddsub_clz.o(x$fpl$dadd) for __aeabi_dadd
    dunder.o(i.__mathlib_dbl_infnan2) refers to daddsub_clz.o(x$fpl$dadd) for __aeabi_dadd
    dunder.o(i.__mathlib_dbl_invalid) refers to ddiv.o(x$fpl$ddiv) for __aeabi_ddiv
    dunder.o(i.__mathlib_dbl_overflow) refers to dmul.o(x$fpl$dmul) for __aeabi_dmul
    dunder.o(i.__mathlib_dbl_posinfnan) refers to dmul.o(x$fpl$dmul) for __aeabi_dmul
    dunder.o(i.__mathlib_dbl_underflow) refers to dmul.o(x$fpl$dmul) for __aeabi_dmul
    fabs.o(i.__hardfp_fabs) refers (Special) to usenofp.o(x$fpl$usenofp) for __I$use$fp
    fabs.o(i.__softfp_fabs) refers (Special) to usenofp.o(x$fpl$usenofp) for __I$use$fp
    fabs.o(i.fabs) refers (Special) to usenofp.o(x$fpl$usenofp) for __I$use$fp
    fpclassify.o(i.__ARM_fpclassify) refers (Special) to usenofp.o(x$fpl$usenofp) for __I$use$fp
    fpclassifyf.o(i.__ARM_fpclassifyf) refers (Special) to usenofp.o(x$fpl$usenofp) for __I$use$fp
    poly.o(i.__kernel_poly) refers (Special) to usenofp.o(x$fpl$usenofp) for __I$use$fp
    poly.o(i.__kernel_poly) refers to dmul.o(x$fpl$dmul) for __aeabi_dmul
    poly.o(i.__kernel_poly) refers to daddsub_clz.o(x$fpl$dadd) for __aeabi_dadd
    qnan.o(.constdata) refers (Special) to usenofp.o(x$fpl$usenofp) for __I$use$fp
    sqrt.o(i.__hardfp_sqrt) refers (Special) to usenofp.o(x$fpl$usenofp) for __I$use$fp
    sqrt.o(i.__hardfp_sqrt) refers to dsqrt_umaal.o(x$fpl$dsqrt) for _dsqrt
    sqrt.o(i.__hardfp_sqrt) refers to _rserrno.o(.text) for __set_errno
    sqrt.o(i.__softfp_sqrt) refers (Special) to usenofp.o(x$fpl$usenofp) for __I$use$fp
    sqrt.o(i.__softfp_sqrt) refers to dsqrt_umaal.o(x$fpl$dsqrt) for _dsqrt
    sqrt.o(i.__softfp_sqrt) refers to _rserrno.o(.text) for __set_errno
    sqrt.o(i.sqrt) refers (Special) to usenofp.o(x$fpl$usenofp) for __I$use$fp
    sqrt.o(i.sqrt) refers to dsqrt_umaal.o(x$fpl$dsqrt) for _dsqrt
    sqrt.o(i.sqrt) refers to _rserrno.o(.text) for __set_errno
    sqrt_x.o(i.____hardfp_sqrt$lsc) refers (Special) to usenofp.o(x$fpl$usenofp) for __I$use$fp
    sqrt_x.o(i.____hardfp_sqrt$lsc) refers to dleqf.o(x$fpl$dleqf) for __aeabi_cdcmple
    sqrt_x.o(i.____hardfp_sqrt$lsc) refers to _rserrno.o(.text) for __set_errno
    sqrt_x.o(i.____hardfp_sqrt$lsc) refers to dsqrt_umaal.o(x$fpl$dsqrt) for _dsqrt
    sqrt_x.o(i.____softfp_sqrt$lsc) refers (Special) to usenofp.o(x$fpl$usenofp) for __I$use$fp
    sqrt_x.o(i.____softfp_sqrt$lsc) refers to dleqf.o(x$fpl$dleqf) for __aeabi_cdcmple
    sqrt_x.o(i.____softfp_sqrt$lsc) refers to _rserrno.o(.text) for __set_errno
    sqrt_x.o(i.____softfp_sqrt$lsc) refers to dsqrt_umaal.o(x$fpl$dsqrt) for _dsqrt
    sqrt_x.o(i.__sqrt$lsc) refers (Special) to usenofp.o(x$fpl$usenofp) for __I$use$fp
    sqrt_x.o(i.__sqrt$lsc) refers to dleqf.o(x$fpl$dleqf) for __aeabi_cdcmple
    sqrt_x.o(i.__sqrt$lsc) refers to _rserrno.o(.text) for __set_errno
    sqrt_x.o(i.__sqrt$lsc) refers to dsqrt_umaal.o(x$fpl$dsqrt) for _dsqrt
    __rtentry2.o(.ARM.Collect$$rtentry$$00000008) refers to boardinit2.o(.text) for _platform_post_stackheap_init
    __rtentry2.o(.ARM.Collect$$rtentry$$0000000A) refers to libinit.o(.ARM.Collect$$libinit$$00000000) for __rt_lib_init
    __rtentry2.o(.ARM.Collect$$rtentry$$0000000B) refers to boardinit3.o(.text) for _platform_post_lib_init
    __rtentry2.o(.ARM.Collect$$rtentry$$0000000D) refers to main.o(i.main) for main
    __rtentry2.o(.ARM.Collect$$rtentry$$0000000D) refers to exit.o(.text) for exit
    __rtentry2.o(.ARM.exidx) refers to __rtentry2.o(.ARM.Collect$$rtentry$$00000001) for .ARM.Collect$$rtentry$$00000001
    __rtentry2.o(.ARM.exidx) refers to __rtentry2.o(.ARM.Collect$$rtentry$$00000008) for .ARM.Collect$$rtentry$$00000008
    __rtentry2.o(.ARM.exidx) refers to __rtentry2.o(.ARM.Collect$$rtentry$$0000000A) for .ARM.Collect$$rtentry$$0000000A
    __rtentry2.o(.ARM.exidx) refers to __rtentry2.o(.ARM.Collect$$rtentry$$0000000B) for .ARM.Collect$$rtentry$$0000000B
    __rtentry2.o(.ARM.exidx) refers to __rtentry2.o(.ARM.Collect$$rtentry$$0000000D) for .ARM.Collect$$rtentry$$0000000D
    __rtentry4.o(.ARM.Collect$$rtentry$$00000004) refers to sys_stackheap_outer.o(.text) for __user_setup_stackheap
    __rtentry4.o(.ARM.exidx) refers to __rtentry4.o(.ARM.Collect$$rtentry$$00000004) for .ARM.Collect$$rtentry$$00000004
    rt_errno_addr.o(.text) refers to rt_errno_addr.o(.bss) for __aeabi_errno_addr_data
    rt_errno_addr_intlibspace.o(.text) refers to libspace.o(.bss) for __libspace_start
    dcheck1.o(x$fpl$dcheck1) refers (Special) to usenofp.o(x$fpl$usenofp) for __I$use$fp
    dcheck1.o(x$fpl$dcheck1) refers to retnan.o(x$fpl$retnan) for __fpl_return_NaN
    dsqrt_umaal.o(x$fpl$dsqrt) refers (Special) to usenofp.o(x$fpl$usenofp) for __I$use$fp
    dsqrt_umaal.o(x$fpl$dsqrt) refers to dnaninf.o(x$fpl$dnaninf) for __fpl_dnaninf
    libspace.o(.text) refers to libspace.o(.bss) for __libspace_start
    sys_stackheap_outer.o(.text) refers to libspace.o(.text) for __user_perproc_libspace
    sys_stackheap_outer.o(.text) refers to startup_stm32f407xx.o(.text) for __user_initial_stackheap
    exit.o(.text) refers to rtexit.o(.ARM.Collect$$rtexit$$00000000) for __rt_exit
    libinit.o(.ARM.Collect$$libinit$$00000000) refers (Special) to libinit2.o(.ARM.Collect$$libinit$$0000002E) for __rt_lib_init_alloca_1
    libinit.o(.ARM.Collect$$libinit$$00000000) refers (Special) to libinit2.o(.ARM.Collect$$libinit$$0000002C) for __rt_lib_init_argv_1
    libinit.o(.ARM.Collect$$libinit$$00000000) refers (Special) to libinit2.o(.ARM.Collect$$libinit$$0000001B) for __rt_lib_init_atexit_1
    libinit.o(.ARM.Collect$$libinit$$00000000) refers (Special) to libinit2.o(.ARM.Collect$$libinit$$00000021) for __rt_lib_init_clock_1
    libinit.o(.ARM.Collect$$libinit$$00000000) refers (Special) to libinit2.o(.ARM.Collect$$libinit$$00000032) for __rt_lib_init_cpp_1
    libinit.o(.ARM.Collect$$libinit$$00000000) refers (Special) to libinit2.o(.ARM.Collect$$libinit$$00000030) for __rt_lib_init_exceptions_1
    libinit.o(.ARM.Collect$$libinit$$00000000) refers (Special) to libinit2.o(.ARM.Collect$$libinit$$00000001) for __rt_lib_init_fp_1
    libinit.o(.ARM.Collect$$libinit$$00000000) refers (Special) to libinit2.o(.ARM.Collect$$libinit$$0000001F) for __rt_lib_init_fp_trap_1
    libinit.o(.ARM.Collect$$libinit$$00000000) refers (Special) to libinit2.o(.ARM.Collect$$libinit$$00000023) for __rt_lib_init_getenv_1
    libinit.o(.ARM.Collect$$libinit$$00000000) refers (Special) to libinit2.o(.ARM.Collect$$libinit$$0000000A) for __rt_lib_init_heap_1
    libinit.o(.ARM.Collect$$libinit$$00000000) refers (Special) to libinit2.o(.ARM.Collect$$libinit$$00000011) for __rt_lib_init_lc_collate_1
    libinit.o(.ARM.Collect$$libinit$$00000000) refers (Special) to libinit2.o(.ARM.Collect$$libinit$$00000013) for __rt_lib_init_lc_ctype_1
    libinit.o(.ARM.Collect$$libinit$$00000000) refers (Special) to libinit2.o(.ARM.Collect$$libinit$$00000015) for __rt_lib_init_lc_monetary_1
    libinit.o(.ARM.Collect$$libinit$$00000000) refers (Special) to libinit2.o(.ARM.Collect$$libinit$$00000017) for __rt_lib_init_lc_numeric_1
    libinit.o(.ARM.Collect$$libinit$$00000000) refers (Special) to libinit2.o(.ARM.Collect$$libinit$$00000019) for __rt_lib_init_lc_time_1
    libinit.o(.ARM.Collect$$libinit$$00000000) refers (Special) to libinit2.o(.ARM.Collect$$libinit$$00000004) for __rt_lib_init_preinit_1
    libinit.o(.ARM.Collect$$libinit$$00000000) refers (Special) to libinit2.o(.ARM.Collect$$libinit$$0000000E) for __rt_lib_init_rand_1
    libinit.o(.ARM.Collect$$libinit$$00000000) refers (Special) to libinit2.o(.ARM.Collect$$libinit$$00000033) for __rt_lib_init_return
    libinit.o(.ARM.Collect$$libinit$$00000000) refers (Special) to libinit2.o(.ARM.Collect$$libinit$$0000001D) for __rt_lib_init_signal_1
    libinit.o(.ARM.Collect$$libinit$$00000000) refers (Special) to libinit2.o(.ARM.Collect$$libinit$$00000025) for __rt_lib_init_stdio_1
    libinit.o(.ARM.Collect$$libinit$$00000000) refers (Special) to libinit2.o(.ARM.Collect$$libinit$$0000000C) for __rt_lib_init_user_alloc_1
    retnan.o(x$fpl$retnan) refers (Special) to usenofp.o(x$fpl$usenofp) for __I$use$fp
    retnan.o(x$fpl$retnan) refers to trapv.o(x$fpl$trapveneer) for __fpl_cmpreturn
    rtexit.o(.ARM.Collect$$rtexit$$00000000) refers (Special) to rtexit2.o(.ARM.Collect$$rtexit$$00000004) for __rt_exit_exit
    rtexit.o(.ARM.Collect$$rtexit$$00000000) refers (Special) to rtexit2.o(.ARM.Collect$$rtexit$$00000003) for __rt_exit_ls
    rtexit.o(.ARM.Collect$$rtexit$$00000000) refers (Special) to rtexit2.o(.ARM.Collect$$rtexit$$00000002) for __rt_exit_prels_1
    rtexit.o(.ARM.exidx) refers (Special) to rtexit2.o(.ARM.Collect$$rtexit$$00000004) for __rt_exit_exit
    rtexit.o(.ARM.exidx) refers (Special) to rtexit2.o(.ARM.Collect$$rtexit$$00000003) for __rt_exit_ls
    rtexit.o(.ARM.exidx) refers (Special) to rtexit2.o(.ARM.Collect$$rtexit$$00000002) for __rt_exit_prels_1
    rtexit.o(.ARM.exidx) refers to rtexit.o(.ARM.Collect$$rtexit$$00000000) for .ARM.Collect$$rtexit$$00000000
    libinit2.o(.ARM.Collect$$libinit$$00000001) refers to fpinit.o(x$fpl$fpinit) for _fp_init
    libinit2.o(.ARM.Collect$$libinit$$00000010) refers to libinit2.o(.ARM.Collect$$libinit$$0000000F) for .ARM.Collect$$libinit$$0000000F
    libinit2.o(.ARM.Collect$$libinit$$00000012) refers to libinit2.o(.ARM.Collect$$libinit$$0000000F) for .ARM.Collect$$libinit$$0000000F
    libinit2.o(.ARM.Collect$$libinit$$00000014) refers to libinit2.o(.ARM.Collect$$libinit$$0000000F) for .ARM.Collect$$libinit$$0000000F
    libinit2.o(.ARM.Collect$$libinit$$00000016) refers to libinit2.o(.ARM.Collect$$libinit$$0000000F) for .ARM.Collect$$libinit$$0000000F
    libinit2.o(.ARM.Collect$$libinit$$00000018) refers to libinit2.o(.ARM.Collect$$libinit$$0000000F) for .ARM.Collect$$libinit$$0000000F
    libinit2.o(.ARM.Collect$$libinit$$00000026) refers to argv_veneer.o(.emb_text) for __ARM_argv_veneer
    libinit2.o(.ARM.Collect$$libinit$$00000027) refers to argv_veneer.o(.emb_text) for __ARM_argv_veneer
    trapv.o(x$fpl$trapveneer) refers (Special) to usenofp.o(x$fpl$usenofp) for __I$use$fp
    rtexit2.o(.ARM.Collect$$rtexit$$00000003) refers to libshutdown.o(.ARM.Collect$$libshutdown$$00000000) for __rt_lib_shutdown
    rtexit2.o(.ARM.Collect$$rtexit$$00000004) refers to sys_exit.o(.text) for _sys_exit
    rtexit2.o(.ARM.exidx) refers to rtexit2.o(.ARM.Collect$$rtexit$$00000001) for .ARM.Collect$$rtexit$$00000001
    rtexit2.o(.ARM.exidx) refers to rtexit2.o(.ARM.Collect$$rtexit$$00000003) for .ARM.Collect$$rtexit$$00000003
    rtexit2.o(.ARM.exidx) refers to rtexit2.o(.ARM.Collect$$rtexit$$00000004) for .ARM.Collect$$rtexit$$00000004
    argv_veneer.o(.emb_text) refers to no_argv.o(.text) for __ARM_get_argv
    sys_exit.o(.text) refers (Special) to use_no_semi.o(.text) for __I$use$semihosting
    sys_exit.o(.text) refers (Special) to indicate_semi.o(.text) for __semihosting_library_function
    _get_argv_nomalloc.o(.text) refers (Special) to hrguard.o(.text) for __heap_region$guard
    _get_argv_nomalloc.o(.text) refers to defsig_rtmem_outer.o(.text) for __rt_SIGRTMEM
    _get_argv_nomalloc.o(.text) refers to sys_command.o(.text) for _sys_command_string
    libshutdown.o(.ARM.Collect$$libshutdown$$00000000) refers (Special) to libshutdown2.o(.ARM.Collect$$libshutdown$$00000004) for __rt_lib_shutdown_cpp_1
    libshutdown.o(.ARM.Collect$$libshutdown$$00000000) refers (Special) to libshutdown2.o(.ARM.Collect$$libshutdown$$00000002) for __rt_lib_shutdown_fini_1
    libshutdown.o(.ARM.Collect$$libshutdown$$00000000) refers (Special) to libshutdown2.o(.ARM.Collect$$libshutdown$$00000009) for __rt_lib_shutdown_fp_trap_1
    libshutdown.o(.ARM.Collect$$libshutdown$$00000000) refers (Special) to libshutdown2.o(.ARM.Collect$$libshutdown$$00000011) for __rt_lib_shutdown_heap_1
    libshutdown.o(.ARM.Collect$$libshutdown$$00000000) refers (Special) to libshutdown2.o(.ARM.Collect$$libshutdown$$00000012) for __rt_lib_shutdown_return
    libshutdown.o(.ARM.Collect$$libshutdown$$00000000) refers (Special) to libshutdown2.o(.ARM.Collect$$libshutdown$$0000000C) for __rt_lib_shutdown_signal_1
    libshutdown.o(.ARM.Collect$$libshutdown$$00000000) refers (Special) to libshutdown2.o(.ARM.Collect$$libshutdown$$00000006) for __rt_lib_shutdown_stdio_1
    libshutdown.o(.ARM.Collect$$libshutdown$$00000000) refers (Special) to libshutdown2.o(.ARM.Collect$$libshutdown$$0000000E) for __rt_lib_shutdown_user_alloc_1
    sys_command.o(.text) refers (Special) to use_no_semi.o(.text) for __I$use$semihosting
    sys_command.o(.text) refers (Special) to indicate_semi.o(.text) for __semihosting_library_function
    defsig_rtmem_outer.o(.text) refers to defsig_rtmem_inner.o(.text) for __rt_SIGRTMEM_inner
    defsig_rtmem_outer.o(.text) refers to defsig_exit.o(.text) for __sig_exit
    defsig_rtmem_formal.o(.text) refers to rt_raise.o(.text) for __rt_raise
    rt_raise.o(.text) refers to __raise.o(.text) for __raise
    rt_raise.o(.text) refers to sys_exit.o(.text) for _sys_exit
    defsig_exit.o(.text) refers to sys_exit.o(.text) for _sys_exit
    defsig_rtmem_inner.o(.text) refers to defsig_general.o(.text) for __default_signal_display
    __raise.o(.text) refers to defsig.o(CL$$defsig) for __default_signal_handler
    defsig_general.o(.text) refers to sys_wrch.o(.text) for _ttywrch
    sys_wrch.o(.text) refers (Special) to use_no_semi.o(.text) for __I$use$semihosting
    sys_wrch.o(.text) refers (Special) to indicate_semi.o(.text) for __semihosting_library_function
    defsig.o(CL$$defsig) refers to defsig_rtmem_inner.o(.text) for __rt_SIGRTMEM_inner
    defsig_abrt_inner.o(.text) refers to defsig_general.o(.text) for __default_signal_display
    defsig_fpe_inner.o(.text) refers to defsig_general.o(.text) for __default_signal_display
    defsig_rtred_inner.o(.text) refers to defsig_general.o(.text) for __default_signal_display
    defsig_stak_inner.o(.text) refers to defsig_general.o(.text) for __default_signal_display
    defsig_pvfn_inner.o(.text) refers to defsig_general.o(.text) for __default_signal_display
    defsig_cppl_inner.o(.text) refers to defsig_general.o(.text) for __default_signal_display
    defsig_segv_inner.o(.text) refers to defsig_general.o(.text) for __default_signal_display
    defsig_other.o(.text) refers to defsig_general.o(.text) for __default_signal_display


==============================================================================

Removing Unused input sections from the image.

    Removing gpio.o(.rev16_text), (4 bytes).
    Removing gpio.o(.revsh_text), (4 bytes).
    Removing gpio.o(.rrx_text), (6 bytes).
    Removing gpio.o(i._Z10GPIO_WriteP12GPIO_TypeDefhh), (30 bytes).
    Removing gpio.o(i._Z11GPIO_DeInitP12GPIO_TypeDef), (296 bytes).
    Removing gpio.o(i._Z11GPIO_ToggleP12GPIO_TypeDefh), (12 bytes).
    Removing gpio.o(i._Z14GPIO_IRQconfighh), (136 bytes).
    Removing gpio.o(i._Z16GPIO_IRQHandlingh), (32 bytes).
    Removing gpio.o(i._Z16GPIO_IRQPriorityjh), (64 bytes).
    Removing gpio.o(i._Z9GPIO_ReadP12GPIO_TypeDefh), (22 bytes).
    Removing gpio.o(.ARM.exidx), (8 bytes).
    Removing gpio.o(.ARM.exidx), (8 bytes).
    Removing gpio.o(.ARM.exidx), (8 bytes).
    Removing gpio.o(.ARM.exidx), (8 bytes).
    Removing gpio.o(.ARM.exidx), (8 bytes).
    Removing gpio.o(.ARM.exidx), (8 bytes).
    Removing gpio.o(.ARM.exidx), (8 bytes).
    Removing gpio.o(.ARM.exidx), (8 bytes).
    Removing gpio.o(.ARM.exidx), (8 bytes).
    Removing lcd.o(.rev16_text), (4 bytes).
    Removing lcd.o(.revsh_text), (4 bytes).
    Removing lcd.o(.rrx_text), (6 bytes).
    Removing lcd.o(i._Z10LCD_enablev), (56 bytes).
    Removing lcd.o(i._Z11LCD_commandh), (264 bytes).
    Removing lcd.o(i._Z3lcdPc), (22 bytes).
    Removing lcd.o(i._Z3lcddt), (276 bytes).
    Removing lcd.o(i._Z3lcdft), (180 bytes).
    Removing lcd.o(i._Z3lcdi), (128 bytes).
    Removing lcd.o(i._Z3lcdj), (94 bytes).
    Removing lcd.o(i._Z8LCD_GPIOv), (104 bytes).
    Removing lcd.o(i._Z8LCD_putch), (264 bytes).
    Removing lcd.o(i._Z9ConfigLcdv), (164 bytes).
    Removing lcd.o(.ARM.exidx), (8 bytes).
    Removing lcd.o(.ARM.exidx), (8 bytes).
    Removing lcd.o(.ARM.exidx), (8 bytes).
    Removing lcd.o(.ARM.exidx), (8 bytes).
    Removing lcd.o(.ARM.exidx), (8 bytes).
    Removing lcd.o(.ARM.exidx), (8 bytes).
    Removing lcd.o(.ARM.exidx), (8 bytes).
    Removing lcd.o(.ARM.exidx), (8 bytes).
    Removing lcd.o(.ARM.exidx), (8 bytes).
    Removing lcd.o(.ARM.exidx), (8 bytes).
    Removing rcc.o(.rev16_text), (4 bytes).
    Removing rcc.o(.revsh_text), (4 bytes).
    Removing rcc.o(.rrx_text), (6 bytes).
    Removing rcc.o(i._Z8RCC_testv), (24 bytes).
    Removing rcc.o(.ARM.exidx), (8 bytes).
    Removing rcc.o(.ARM.exidx), (8 bytes).
    Removing spi.o(.rev16_text), (4 bytes).
    Removing spi.o(.revsh_text), (4 bytes).
    Removing spi.o(.rrx_text), (6 bytes).
    Removing spi.o(i._Z13SPI_IRQconfigP11SPI_TypeDefhhh), (204 bytes).
    Removing spi.o(i._Z15SPI_CommunicateP11SPI_TypeDefc), (22 bytes).
    Removing spi.o(i._Z15SPI_IRQHandlingP12SPI_Handle_t), (2 bytes).
    Removing spi.o(i._Z16SPI_ClockControlP11SPI_TypeDefh), (112 bytes).
    Removing spi.o(i._Z8SPI_InitP12SPI_Handle_t), (128 bytes).
    Removing spi.o(.ARM.exidx), (8 bytes).
    Removing spi.o(.ARM.exidx), (8 bytes).
    Removing spi.o(.ARM.exidx), (8 bytes).
    Removing spi.o(.ARM.exidx), (8 bytes).
    Removing spi.o(.ARM.exidx), (8 bytes).
    Removing timer.o(.rev16_text), (4 bytes).
    Removing timer.o(.revsh_text), (4 bytes).
    Removing timer.o(.rrx_text), (6 bytes).
    Removing timer.o(i._Z10Timer_InitP14Timer_Handle_t), (114 bytes).
    Removing timer.o(i._Z15Timer_IRQconfighh), (196 bytes).
    Removing timer.o(i._Z8waitms_1tdd), (26 bytes).
    Removing timer.o(.ARM.exidx), (8 bytes).
    Removing timer.o(.ARM.exidx), (8 bytes).
    Removing timer.o(.ARM.exidx), (8 bytes).
    Removing timer.o(.ARM.exidx), (8 bytes).
    Removing timer.o(.ARM.exidx), (8 bytes).
    Removing timer.o(.ARM.exidx), (8 bytes).
    Removing timer.o(.ARM.exidx), (8 bytes).
    Removing usart.o(.rev16_text), (4 bytes).
    Removing usart.o(.revsh_text), (4 bytes).
    Removing usart.o(.rrx_text), (6 bytes).
    Removing usart.o(i._Z10USART_InitP14USART_Handle_t), (176 bytes).
    Removing usart.o(i._Z14USART_SendDataP13USART_TypeDefh), (28 bytes).
    Removing usart.o(i._Z17USART_ReceiveDataP13USART_TypeDef), (108 bytes).
    Removing usart.o(i._Z17USART_SetBaudRateP13USART_TypeDefj), (112 bytes).
    Removing usart.o(i._Z17USART_receivedataP13USART_TypeDef), (20 bytes).
    Removing usart.o(i._Z22USART_PeriClockControlP13USART_TypeDefh), (164 bytes).
    Removing usart.o(i._Z23USART_PeripheralControlP13USART_TypeDefh), (116 bytes).
    Removing usart.o(.ARM.exidx), (8 bytes).
    Removing usart.o(.ARM.exidx), (8 bytes).
    Removing usart.o(.ARM.exidx), (8 bytes).
    Removing usart.o(.ARM.exidx), (8 bytes).
    Removing usart.o(.ARM.exidx), (8 bytes).
    Removing usart.o(.ARM.exidx), (8 bytes).
    Removing usart.o(.ARM.exidx), (8 bytes).
    Removing usart.o(.data), (8 bytes).
    Removing common.o(.rev16_text), (4 bytes).
    Removing common.o(.revsh_text), (4 bytes).
    Removing common.o(.rrx_text), (6 bytes).
    Removing common.o(i._Z4LEDsv), (72 bytes).
    Removing common.o(i._Z8stand_upv), (900 bytes).
    Removing common.o(.ARM.exidx), (8 bytes).
    Removing common.o(.ARM.exidx), (8 bytes).
    Removing common.o(.ARM.exidx), (8 bytes).
    Removing common.o(.ARM.exidx), (8 bytes).
    Removing common.o(.ARM.exidx), (8 bytes).
    Removing common.o(.ARM.exidx), (8 bytes).
    Removing common.o(.ARM.exidx), (8 bytes).
    Removing common.o(.ARM.exidx), (8 bytes).
    Removing common.o(.ARM.exidx), (8 bytes).
    Removing common.o(.ARM.exidx), (8 bytes).
    Removing common.o(.ARM.exidx), (8 bytes).
    Removing common.o(.ARM.exidx), (8 bytes).
    Removing common.o(.ARM.exidx), (8 bytes).
    Removing common.o(.ARM.exidx), (8 bytes).
    Removing common.o(.ARM.exidx), (8 bytes).
    Removing common.o(.ARM.exidx), (8 bytes).
    Removing common.o(.ARM.exidx), (8 bytes).
    Removing common.o(.ARM.exidx), (8 bytes).
    Removing common.o(.ARM.exidx), (8 bytes).
    Removing common.o(.ARM.exidx), (8 bytes).
    Removing common.o(.ARM.exidx), (8 bytes).
    Removing common.o(.ARM.exidx), (8 bytes).
    Removing main.o(.rev16_text), (4 bytes).
    Removing main.o(.revsh_text), (4 bytes).
    Removing main.o(.rrx_text), (6 bytes).
    Removing main.o(.ARM.exidx), (8 bytes).
    Removing main.o(.data), (16 bytes).
    Removing system_stm32f4xx.o(.rev16_text), (4 bytes).
    Removing system_stm32f4xx.o(.revsh_text), (4 bytes).
    Removing system_stm32f4xx.o(.rrx_text), (6 bytes).
    Removing system_stm32f4xx.o(i.SystemCoreClockUpdate), (192 bytes).
    Removing system_stm32f4xx.o(.constdata), (24 bytes).
    Removing system_stm32f4xx.o(.data), (4 bytes).

130 unused section(s) (total 5542 bytes) removed from the image.

==============================================================================

Image Symbol Table

    Local Symbols

    Symbol Name                              Value     Ov Type        Size  Object(Section)

    ../clib/angel/boardlib.s                 0x00000000   Number         0  boardinit2.o ABSOLUTE
    ../clib/angel/boardlib.s                 0x00000000   Number         0  boardshut.o ABSOLUTE
    ../clib/angel/boardlib.s                 0x00000000   Number         0  boardinit3.o ABSOLUTE
    ../clib/angel/boardlib.s                 0x00000000   Number         0  boardinit1.o ABSOLUTE
    ../clib/angel/handlers.s                 0x00000000   Number         0  __scatter_zi.o ABSOLUTE
    ../clib/angel/kernel.s                   0x00000000   Number         0  rtexit.o ABSOLUTE
    ../clib/angel/kernel.s                   0x00000000   Number         0  __rtentry2.o ABSOLUTE
    ../clib/angel/kernel.s                   0x00000000   Number         0  rtexit2.o ABSOLUTE
    ../clib/angel/kernel.s                   0x00000000   Number         0  __rtentry.o ABSOLUTE
    ../clib/angel/kernel.s                   0x00000000   Number         0  __rtentry4.o ABSOLUTE
    ../clib/angel/rt.s                       0x00000000   Number         0  rt_raise.o ABSOLUTE
    ../clib/angel/rt.s                       0x00000000   Number         0  rt_errno_addr.o ABSOLUTE
    ../clib/angel/rt.s                       0x00000000   Number         0  rt_errno_addr_intlibspace.o ABSOLUTE
    ../clib/angel/scatter.s                  0x00000000   Number         0  __scatter.o ABSOLUTE
    ../clib/angel/startup.s                  0x00000000   Number         0  __main.o ABSOLUTE
    ../clib/angel/sys.s                      0x00000000   Number         0  libspace.o ABSOLUTE
    ../clib/angel/sys.s                      0x00000000   Number         0  sys_stackheap_outer.o ABSOLUTE
    ../clib/angel/sys.s                      0x00000000   Number         0  use_no_semi.o ABSOLUTE
    ../clib/angel/sys.s                      0x00000000   Number         0  indicate_semi.o ABSOLUTE
    ../clib/angel/sysapp.c                   0x00000000   Number         0  sys_exit.o ABSOLUTE
    ../clib/angel/sysapp.c                   0x00000000   Number         0  sys_wrch.o ABSOLUTE
    ../clib/angel/sysapp.c                   0x00000000   Number         0  sys_command.o ABSOLUTE
    ../clib/armsys.c                         0x00000000   Number         0  no_argv.o ABSOLUTE
    ../clib/armsys.c                         0x00000000   Number         0  _get_argv_nomalloc.o ABSOLUTE
    ../clib/armsys.c                         0x00000000   Number         0  argv_veneer.o ABSOLUTE
    ../clib/armsys.c                         0x00000000   Number         0  argv_veneer.o ABSOLUTE
    ../clib/fenv.c                           0x00000000   Number         0  _rserrno.o ABSOLUTE
    ../clib/heapalloc.c                      0x00000000   Number         0  hrguard.o ABSOLUTE
    ../clib/heapaux.c                        0x00000000   Number         0  heapauxi.o ABSOLUTE
    ../clib/libinit.s                        0x00000000   Number         0  libshutdown2.o ABSOLUTE
    ../clib/libinit.s                        0x00000000   Number         0  libinit2.o ABSOLUTE
    ../clib/libinit.s                        0x00000000   Number         0  libshutdown.o ABSOLUTE
    ../clib/libinit.s                        0x00000000   Number         0  libinit.o ABSOLUTE
    ../clib/signal.c                         0x00000000   Number         0  defsig_other.o ABSOLUTE
    ../clib/signal.c                         0x00000000   Number         0  defsig_rtmem_formal.o ABSOLUTE
    ../clib/signal.c                         0x00000000   Number         0  defsig_rtmem_outer.o ABSOLUTE
    ../clib/signal.c                         0x00000000   Number         0  defsig_abrt_inner.o ABSOLUTE
    ../clib/signal.c                         0x00000000   Number         0  defsig_stak_inner.o ABSOLUTE
    ../clib/signal.c                         0x00000000   Number         0  defsig_rtred_inner.o ABSOLUTE
    ../clib/signal.c                         0x00000000   Number         0  defsig_fpe_inner.o ABSOLUTE
    ../clib/signal.c                         0x00000000   Number         0  defsig_general.o ABSOLUTE
    ../clib/signal.c                         0x00000000   Number         0  __raise.o ABSOLUTE
    ../clib/signal.c                         0x00000000   Number         0  defsig_rtmem_inner.o ABSOLUTE
    ../clib/signal.c                         0x00000000   Number         0  defsig_segv_inner.o ABSOLUTE
    ../clib/signal.c                         0x00000000   Number         0  defsig_cppl_inner.o ABSOLUTE
    ../clib/signal.c                         0x00000000   Number         0  defsig_pvfn_inner.o ABSOLUTE
    ../clib/signal.c                         0x00000000   Number         0  defsig_exit.o ABSOLUTE
    ../clib/signal.s                         0x00000000   Number         0  defsig.o ABSOLUTE
    ../clib/stdlib.c                         0x00000000   Number         0  exit.o ABSOLUTE
    ../fplib/basic.s                         0x00000000   Number         0  basic.o ABSOLUTE
    ../fplib/daddsub.s                       0x00000000   Number         0  daddsub_clz.o ABSOLUTE
    ../fplib/dcheck1.s                       0x00000000   Number         0  dcheck1.o ABSOLUTE
    ../fplib/dcmpi.s                         0x00000000   Number         0  dcmpi.o ABSOLUTE
    ../fplib/ddiv.s                          0x00000000   Number         0  ddiv.o ABSOLUTE
    ../fplib/dfix.s                          0x00000000   Number         0  dfix.o ABSOLUTE
    ../fplib/dfixu.s                         0x00000000   Number         0  dfixu.o ABSOLUTE
    ../fplib/dflt.s                          0x00000000   Number         0  dflt_clz.o ABSOLUTE
    ../fplib/dleqf.s                         0x00000000   Number         0  dleqf.o ABSOLUTE
    ../fplib/dmul.s                          0x00000000   Number         0  dmul.o ABSOLUTE
    ../fplib/dnaninf.s                       0x00000000   Number         0  dnaninf.o ABSOLUTE
    ../fplib/dretinf.s                       0x00000000   Number         0  dretinf.o ABSOLUTE
    ../fplib/drleqf.s                        0x00000000   Number         0  drleqf.o ABSOLUTE
    ../fplib/dsqrt.s                         0x00000000   Number         0  dsqrt_umaal.o ABSOLUTE
    ../fplib/fpinit.s                        0x00000000   Number         0  fpinit.o ABSOLUTE
    ../fplib/istatus.s                       0x00000000   Number         0  istatus.o ABSOLUTE
    ../fplib/retnan.s                        0x00000000   Number         0  retnan.o ABSOLUTE
    ../fplib/scalbn.s                        0x00000000   Number         0  scalbn.o ABSOLUTE
    ../fplib/trapv.s                         0x00000000   Number         0  trapv.o ABSOLUTE
    ../fplib/usenofp.s                       0x00000000   Number         0  usenofp.o ABSOLUTE
    ../mathlib/dunder.c                      0x00000000   Number         0  dunder.o ABSOLUTE
    ../mathlib/fabs.c                        0x00000000   Number         0  fabs.o ABSOLUTE
    ../mathlib/fpclassify.c                  0x00000000   Number         0  fpclassify.o ABSOLUTE
    ../mathlib/fpclassifyf.c                 0x00000000   Number         0  fpclassifyf.o ABSOLUTE
    ../mathlib/funder.c                      0x00000000   Number         0  funder.o ABSOLUTE
    ../mathlib/poly.c                        0x00000000   Number         0  poly.o ABSOLUTE
    ../mathlib/pow.c                         0x00000000   Number         0  pow_x.o ABSOLUTE
    ../mathlib/pow.c                         0x00000000   Number         0  pow.o ABSOLUTE
    ../mathlib/powf.c                        0x00000000   Number         0  powf.o ABSOLUTE
    ../mathlib/powf.c                        0x00000000   Number         0  powf_x.o ABSOLUTE
    ../mathlib/qnan.c                        0x00000000   Number         0  qnan.o ABSOLUTE
    ../mathlib/sqrt.c                        0x00000000   Number         0  sqrt.o ABSOLUTE
    ../mathlib/sqrt.c                        0x00000000   Number         0  sqrt_x.o ABSOLUTE
    GPIO.cpp                                 0x00000000   Number         0  gpio.o ABSOLUTE
    GPIO.cpp                                 0x00000000   Number         0  gpio.o ABSOLUTE
    LCD.cpp                                  0x00000000   Number         0  lcd.o ABSOLUTE
    LCD.cpp                                  0x00000000   Number         0  lcd.o ABSOLUTE
    RCC.cpp                                  0x00000000   Number         0  rcc.o ABSOLUTE
    RCC.cpp                                  0x00000000   Number         0  rcc.o ABSOLUTE
    RTE\Device\STM32F407VGTx\startup_stm32f407xx.s 0x00000000   Number         0  startup_stm32f407xx.o ABSOLUTE
    RTE\Device\STM32F407VGTx\system_stm32f4xx.c 0x00000000   Number         0  system_stm32f4xx.o ABSOLUTE
    RTE\\Device\\STM32F407VGTx\\system_stm32f4xx.c 0x00000000   Number         0  system_stm32f4xx.o ABSOLUTE
    SPI.cpp                                  0x00000000   Number         0  spi.o ABSOLUTE
    SPI.cpp                                  0x00000000   Number         0  spi.o ABSOLUTE
    TIMER.cpp                                0x00000000   Number         0  timer.o ABSOLUTE
    TIMER.cpp                                0x00000000   Number         0  timer.o ABSOLUTE
    USART.cpp                                0x00000000   Number         0  usart.o ABSOLUTE
    USART.cpp                                0x00000000   Number         0  usart.o ABSOLUTE
    common.cpp                               0x00000000   Number         0  common.o ABSOLUTE
    common.cpp                               0x00000000   Number         0  common.o ABSOLUTE
    dc.s                                     0x00000000   Number         0  dc.o ABSOLUTE
    main.cpp                                 0x00000000   Number         0  main.o ABSOLUTE
    main.cpp                                 0x00000000   Number         0  main.o ABSOLUTE
    RESET                                    0x08000000   Section      392  startup_stm32f407xx.o(RESET)
    !!!main                                  0x08000188   Section        8  __main.o(!!!main)
    !!!scatter                               0x08000190   Section       52  __scatter.o(!!!scatter)
    !!handler_zi                             0x080001c4   Section       28  __scatter_zi.o(!!handler_zi)
    .ARM.Collect$$libinit$$00000000          0x080001e0   Section        2  libinit.o(.ARM.Collect$$libinit$$00000000)
    .ARM.Collect$$libinit$$00000001          0x080001e2   Section        4  libinit2.o(.ARM.Collect$$libinit$$00000001)
    .ARM.Collect$$libinit$$00000004          0x080001e6   Section        0  libinit2.o(.ARM.Collect$$libinit$$00000004)
    .ARM.Collect$$libinit$$0000000A          0x080001e6   Section        0  libinit2.o(.ARM.Collect$$libinit$$0000000A)
    .ARM.Collect$$libinit$$0000000C          0x080001e6   Section        0  libinit2.o(.ARM.Collect$$libinit$$0000000C)
    .ARM.Collect$$libinit$$0000000E          0x080001e6   Section        0  libinit2.o(.ARM.Collect$$libinit$$0000000E)
    .ARM.Collect$$libinit$$00000011          0x080001e6   Section        0  libinit2.o(.ARM.Collect$$libinit$$00000011)
    .ARM.Collect$$libinit$$00000013          0x080001e6   Section        0  libinit2.o(.ARM.Collect$$libinit$$00000013)
    .ARM.Collect$$libinit$$00000015          0x080001e6   Section        0  libinit2.o(.ARM.Collect$$libinit$$00000015)
    .ARM.Collect$$libinit$$00000017          0x080001e6   Section        0  libinit2.o(.ARM.Collect$$libinit$$00000017)
    .ARM.Collect$$libinit$$00000019          0x080001e6   Section        0  libinit2.o(.ARM.Collect$$libinit$$00000019)
    .ARM.Collect$$libinit$$0000001B          0x080001e6   Section        0  libinit2.o(.ARM.Collect$$libinit$$0000001B)
    .ARM.Collect$$libinit$$0000001D          0x080001e6   Section        0  libinit2.o(.ARM.Collect$$libinit$$0000001D)
    .ARM.Collect$$libinit$$0000001F          0x080001e6   Section        0  libinit2.o(.ARM.Collect$$libinit$$0000001F)
    .ARM.Collect$$libinit$$00000021          0x080001e6   Section        0  libinit2.o(.ARM.Collect$$libinit$$00000021)
    .ARM.Collect$$libinit$$00000023          0x080001e6   Section        0  libinit2.o(.ARM.Collect$$libinit$$00000023)
    .ARM.Collect$$libinit$$00000025          0x080001e6   Section        0  libinit2.o(.ARM.Collect$$libinit$$00000025)
    .ARM.Collect$$libinit$$0000002C          0x080001e6   Section        0  libinit2.o(.ARM.Collect$$libinit$$0000002C)
    .ARM.Collect$$libinit$$0000002E          0x080001e6   Section        0  libinit2.o(.ARM.Collect$$libinit$$0000002E)
    .ARM.Collect$$libinit$$00000030          0x080001e6   Section        0  libinit2.o(.ARM.Collect$$libinit$$00000030)
    .ARM.Collect$$libinit$$00000032          0x080001e6   Section        0  libinit2.o(.ARM.Collect$$libinit$$00000032)
    .ARM.Collect$$libinit$$00000033          0x080001e6   Section        2  libinit2.o(.ARM.Collect$$libinit$$00000033)
    .ARM.Collect$$libshutdown$$00000000      0x080001e8   Section        2  libshutdown.o(.ARM.Collect$$libshutdown$$00000000)
    .ARM.Collect$$libshutdown$$00000002      0x080001ea   Section        0  libshutdown2.o(.ARM.Collect$$libshutdown$$00000002)
    .ARM.Collect$$libshutdown$$00000004      0x080001ea   Section        0  libshutdown2.o(.ARM.Collect$$libshutdown$$00000004)
    .ARM.Collect$$libshutdown$$00000006      0x080001ea   Section        0  libshutdown2.o(.ARM.Collect$$libshutdown$$00000006)
    .ARM.Collect$$libshutdown$$00000009      0x080001ea   Section        0  libshutdown2.o(.ARM.Collect$$libshutdown$$00000009)
    .ARM.Collect$$libshutdown$$0000000C      0x080001ea   Section        0  libshutdown2.o(.ARM.Collect$$libshutdown$$0000000C)
    .ARM.Collect$$libshutdown$$0000000E      0x080001ea   Section        0  libshutdown2.o(.ARM.Collect$$libshutdown$$0000000E)
    .ARM.Collect$$libshutdown$$00000011      0x080001ea   Section        0  libshutdown2.o(.ARM.Collect$$libshutdown$$00000011)
    .ARM.Collect$$libshutdown$$00000012      0x080001ea   Section        2  libshutdown2.o(.ARM.Collect$$libshutdown$$00000012)
    .ARM.Collect$$rtentry$$00000000          0x080001ec   Section        0  __rtentry.o(.ARM.Collect$$rtentry$$00000000)
    .ARM.Collect$$rtentry$$00000002          0x080001ec   Section        0  __rtentry2.o(.ARM.Collect$$rtentry$$00000002)
    .ARM.Collect$$rtentry$$00000004          0x080001ec   Section        6  __rtentry4.o(.ARM.Collect$$rtentry$$00000004)
    .ARM.Collect$$rtentry$$00000009          0x080001f2   Section        0  __rtentry2.o(.ARM.Collect$$rtentry$$00000009)
    .ARM.Collect$$rtentry$$0000000A          0x080001f2   Section        4  __rtentry2.o(.ARM.Collect$$rtentry$$0000000A)
    .ARM.Collect$$rtentry$$0000000C          0x080001f6   Section        0  __rtentry2.o(.ARM.Collect$$rtentry$$0000000C)
    .ARM.Collect$$rtentry$$0000000D          0x080001f6   Section        8  __rtentry2.o(.ARM.Collect$$rtentry$$0000000D)
    .ARM.Collect$$rtexit$$00000000           0x080001fe   Section        2  rtexit.o(.ARM.Collect$$rtexit$$00000000)
    .ARM.Collect$$rtexit$$00000002           0x08000200   Section        0  rtexit2.o(.ARM.Collect$$rtexit$$00000002)
    .ARM.Collect$$rtexit$$00000003           0x08000200   Section        4  rtexit2.o(.ARM.Collect$$rtexit$$00000003)
    .ARM.Collect$$rtexit$$00000004           0x08000204   Section        6  rtexit2.o(.ARM.Collect$$rtexit$$00000004)
    .text                                    0x0800020c   Section       64  startup_stm32f407xx.o(.text)
    $v0                                      0x0800020c   Number         0  startup_stm32f407xx.o(.text)
    .text                                    0x0800024c   Section        0  heapauxi.o(.text)
    .text                                    0x08000254   Section        8  libspace.o(.text)
    .text                                    0x0800025c   Section       74  sys_stackheap_outer.o(.text)
    .text                                    0x080002a6   Section        0  exit.o(.text)
    .text                                    0x080002b8   Section        0  sys_exit.o(.text)
    .text                                    0x080002c4   Section        2  use_no_semi.o(.text)
    .text                                    0x080002c6   Section        0  indicate_semi.o(.text)
    i.SystemInit                             0x080002c8   Section        0  system_stm32f4xx.o(i.SystemInit)
    i._Z14TimerPeriClockP11TIM_TypeDefh      0x080002dc   Section        0  timer.o(i._Z14TimerPeriClockP11TIM_TypeDefh)
    i._Z21stand_up_required_posv             0x0800041c   Section        0  common.o(i._Z21stand_up_required_posv)
    i._Z22GPIO_Periclock_controlP12GPIO_TypeDefh 0x080007c4   Section        0  gpio.o(i._Z22GPIO_Periclock_controlP12GPIO_TypeDefh)
    i._Z5Checkv                              0x08000910   Section        0  common.o(i._Z5Checkv)
    i._Z6waitmst                             0x08000950   Section        0  timer.o(i._Z6waitmst)
    i._Z6waitust                             0x0800096c   Section        0  timer.o(i._Z6waitust)
    i._Z7PWM_1_av                            0x080009a8   Section        0  common.o(i._Z7PWM_1_av)
    i._Z7PWM_1_bv                            0x08000a40   Section        0  common.o(i._Z7PWM_1_bv)
    i._Z7PWM_1_cv                            0x08000aac   Section        0  common.o(i._Z7PWM_1_cv)
    i._Z7PWM_2_av                            0x08000b18   Section        0  common.o(i._Z7PWM_2_av)
    i._Z7PWM_2_bv                            0x08000bb0   Section        0  common.o(i._Z7PWM_2_bv)
    i._Z7PWM_2_cv                            0x08000c1c   Section        0  common.o(i._Z7PWM_2_cv)
    i._Z7PWM_3_av                            0x08000c88   Section        0  common.o(i._Z7PWM_3_av)
    i._Z7PWM_3_bv                            0x08000d10   Section        0  common.o(i._Z7PWM_3_bv)
    i._Z7PWM_3_cv                            0x08000d74   Section        0  common.o(i._Z7PWM_3_cv)
    i._Z7PWM_4_av                            0x08000dd8   Section        0  common.o(i._Z7PWM_4_av)
    i._Z7PWM_4_bv                            0x08000e6c   Section        0  common.o(i._Z7PWM_4_bv)
    i._Z7PWM_4_cv                            0x08000ed0   Section        0  common.o(i._Z7PWM_4_cv)
    i._Z7slide_1v                            0x08000f34   Section        0  common.o(i._Z7slide_1v)
    i._Z7slide_2v                            0x08000fb8   Section        0  common.o(i._Z7slide_2v)
    i._Z8RCC_Initv                           0x08001040   Section        0  rcc.o(i._Z8RCC_Initv)
    i._Z8step_1stv                           0x08001110   Section        0  common.o(i._Z8step_1stv)
    i._Z8step_2ndv                           0x080011b8   Section        0  common.o(i._Z8step_2ndv)
    i._Z8step_3rdv                           0x08001268   Section        0  common.o(i._Z8step_3rdv)
    i._Z8step_4thv                           0x08001314   Section        0  common.o(i._Z8step_4thv)
    i._Z9GPIO_InitP13GPIO_Handle_t           0x08001418   Section        0  gpio.o(i._Z9GPIO_InitP13GPIO_Handle_t)
    i._Z9delay_conv                          0x0800161c   Section        0  timer.o(i._Z9delay_conv)
    i.main                                   0x0800164c   Section        0  main.o(i.main)
    x$fpl$dadd                               0x080016d8   Section      336  daddsub_clz.o(x$fpl$dadd)
    $v0                                      0x080016d8   Number         0  daddsub_clz.o(x$fpl$dadd)
    _dadd1                                   0x080016e9   Thumb Code     0  daddsub_clz.o(x$fpl$dadd)
    x$fpl$dfixu                              0x08001828   Section       90  dfixu.o(x$fpl$dfixu)
    $v0                                      0x08001828   Number         0  dfixu.o(x$fpl$dfixu)
    x$fpl$dflt                               0x08001882   Section       46  dflt_clz.o(x$fpl$dflt)
    $v0                                      0x08001882   Number         0  dflt_clz.o(x$fpl$dflt)
    x$fpl$dmul                               0x080018b0   Section      340  dmul.o(x$fpl$dmul)
    $v0                                      0x080018b0   Number         0  dmul.o(x$fpl$dmul)
    x$fpl$dnaninf                            0x08001a04   Section      156  dnaninf.o(x$fpl$dnaninf)
    $v0                                      0x08001a04   Number         0  dnaninf.o(x$fpl$dnaninf)
    x$fpl$dretinf                            0x08001aa0   Section       12  dretinf.o(x$fpl$dretinf)
    $v0                                      0x08001aa0   Number         0  dretinf.o(x$fpl$dretinf)
    x$fpl$dsub                               0x08001aac   Section      468  daddsub_clz.o(x$fpl$dsub)
    $v0                                      0x08001aac   Number         0  daddsub_clz.o(x$fpl$dsub)
    _dsub1                                   0x08001abd   Thumb Code     0  daddsub_clz.o(x$fpl$dsub)
    x$fpl$fpinit                             0x08001c80   Section       10  fpinit.o(x$fpl$fpinit)
    $v0                                      0x08001c80   Number         0  fpinit.o(x$fpl$fpinit)
    x$fpl$usenofp                            0x08001c8a   Section        0  usenofp.o(x$fpl$usenofp)
    .bss                                     0x20000000   Section       96  libspace.o(.bss)
    HEAP                                     0x20000060   Section      512  startup_stm32f407xx.o(HEAP)
    Heap_Mem                                 0x20000060   Data         512  startup_stm32f407xx.o(HEAP)
    STACK                                    0x20000260   Section     1024  startup_stm32f407xx.o(STACK)
    Stack_Mem                                0x20000260   Data        1024  startup_stm32f407xx.o(STACK)
    __initial_sp                             0x20000660   Data           0  startup_stm32f407xx.o(STACK)

    Global Symbols

    Symbol Name                              Value     Ov Type        Size  Object(Section)

    BuildAttributes$$THM_ISAv4$E$P$D$K$B$S$7EM$VFPi3$EXTD16$VFPS$VFMA$PE$A:L22UL41UL21$X:L11$S22US41US21$IEEE1$IW$USESV6$~STKCKD$USESV7$~SHL$OTIME$ROPI$IEEEX$EBA8$UX$STANDARDLIB$REQ8$PRES8$EABIv2 0x00000000   Number         0  anon$$obj.o ABSOLUTE
    __ARM_use_no_argv                        0x00000000   Number         0  main.o ABSOLUTE
    __ARM_exceptions_init                     - Undefined Weak Reference
    __alloca_initialize                       - Undefined Weak Reference
    __arm_fini_                               - Undefined Weak Reference
    __arm_preinit_                            - Undefined Weak Reference
    __cpp_initialize__aeabi_                  - Undefined Weak Reference
    __cxa_finalize                            - Undefined Weak Reference
    __rt_locale                               - Undefined Weak Reference
    __sigvec_lookup                           - Undefined Weak Reference
    _atexit_init                              - Undefined Weak Reference
    _call_atexit_fns                          - Undefined Weak Reference
    _clock_init                               - Undefined Weak Reference
    _fp_trap_init                             - Undefined Weak Reference
    _fp_trap_shutdown                         - Undefined Weak Reference
    _get_lc_collate                           - Undefined Weak Reference
    _get_lc_ctype                             - Undefined Weak Reference
    _get_lc_monetary                          - Undefined Weak Reference
    _get_lc_numeric                           - Undefined Weak Reference
    _get_lc_time                              - Undefined Weak Reference
    _getenv_init                              - Undefined Weak Reference
    _handle_redirection                       - Undefined Weak Reference
    _init_alloc                               - Undefined Weak Reference
    _init_user_alloc                          - Undefined Weak Reference
    _initio                                   - Undefined Weak Reference
    _rand_init                                - Undefined Weak Reference
    _signal_finish                            - Undefined Weak Reference
    _signal_init                              - Undefined Weak Reference
    _terminate_alloc                          - Undefined Weak Reference
    _terminate_user_alloc                     - Undefined Weak Reference
    _terminateio                              - Undefined Weak Reference
    __Vectors_Size                           0x00000188   Number         0  startup_stm32f407xx.o ABSOLUTE
    __Vectors                                0x08000000   Data           4  startup_stm32f407xx.o(RESET)
    __Vectors_End                            0x08000188   Data           0  startup_stm32f407xx.o(RESET)
    __main                                   0x08000189   Thumb Code     8  __main.o(!!!main)
    __scatterload                            0x08000191   Thumb Code     0  __scatter.o(!!!scatter)
    __scatterload_rt2                        0x08000191   Thumb Code    44  __scatter.o(!!!scatter)
    __scatterload_rt2_thumb_only             0x08000191   Thumb Code     0  __scatter.o(!!!scatter)
    __scatterload_null                       0x0800019f   Thumb Code     0  __scatter.o(!!!scatter)
    __scatterload_zeroinit                   0x080001c5   Thumb Code    28  __scatter_zi.o(!!handler_zi)
    __rt_lib_init                            0x080001e1   Thumb Code     0  libinit.o(.ARM.Collect$$libinit$$00000000)
    __rt_lib_init_fp_1                       0x080001e3   Thumb Code     0  libinit2.o(.ARM.Collect$$libinit$$00000001)
    __rt_lib_init_alloca_1                   0x080001e7   Thumb Code     0  libinit2.o(.ARM.Collect$$libinit$$0000002E)
    __rt_lib_init_argv_1                     0x080001e7   Thumb Code     0  libinit2.o(.ARM.Collect$$libinit$$0000002C)
    __rt_lib_init_atexit_1                   0x080001e7   Thumb Code     0  libinit2.o(.ARM.Collect$$libinit$$0000001B)
    __rt_lib_init_clock_1                    0x080001e7   Thumb Code     0  libinit2.o(.ARM.Collect$$libinit$$00000021)
    __rt_lib_init_cpp_1                      0x080001e7   Thumb Code     0  libinit2.o(.ARM.Collect$$libinit$$00000032)
    __rt_lib_init_exceptions_1               0x080001e7   Thumb Code     0  libinit2.o(.ARM.Collect$$libinit$$00000030)
    __rt_lib_init_fp_trap_1                  0x080001e7   Thumb Code     0  libinit2.o(.ARM.Collect$$libinit$$0000001F)
    __rt_lib_init_getenv_1                   0x080001e7   Thumb Code     0  libinit2.o(.ARM.Collect$$libinit$$00000023)
    __rt_lib_init_heap_1                     0x080001e7   Thumb Code     0  libinit2.o(.ARM.Collect$$libinit$$0000000A)
    __rt_lib_init_lc_collate_1               0x080001e7   Thumb Code     0  libinit2.o(.ARM.Collect$$libinit$$00000011)
    __rt_lib_init_lc_ctype_1                 0x080001e7   Thumb Code     0  libinit2.o(.ARM.Collect$$libinit$$00000013)
    __rt_lib_init_lc_monetary_1              0x080001e7   Thumb Code     0  libinit2.o(.ARM.Collect$$libinit$$00000015)
    __rt_lib_init_lc_numeric_1               0x080001e7   Thumb Code     0  libinit2.o(.ARM.Collect$$libinit$$00000017)
    __rt_lib_init_lc_time_1                  0x080001e7   Thumb Code     0  libinit2.o(.ARM.Collect$$libinit$$00000019)
    __rt_lib_init_preinit_1                  0x080001e7   Thumb Code     0  libinit2.o(.ARM.Collect$$libinit$$00000004)
    __rt_lib_init_rand_1                     0x080001e7   Thumb Code     0  libinit2.o(.ARM.Collect$$libinit$$0000000E)
    __rt_lib_init_return                     0x080001e7   Thumb Code     0  libinit2.o(.ARM.Collect$$libinit$$00000033)
    __rt_lib_init_signal_1                   0x080001e7   Thumb Code     0  libinit2.o(.ARM.Collect$$libinit$$0000001D)
    __rt_lib_init_stdio_1                    0x080001e7   Thumb Code     0  libinit2.o(.ARM.Collect$$libinit$$00000025)
    __rt_lib_init_user_alloc_1               0x080001e7   Thumb Code     0  libinit2.o(.ARM.Collect$$libinit$$0000000C)
    __rt_lib_shutdown                        0x080001e9   Thumb Code     0  libshutdown.o(.ARM.Collect$$libshutdown$$00000000)
    __rt_lib_shutdown_cpp_1                  0x080001eb   Thumb Code     0  libshutdown2.o(.ARM.Collect$$libshutdown$$00000004)
    __rt_lib_shutdown_fini_1                 0x080001eb   Thumb Code     0  libshutdown2.o(.ARM.Collect$$libshutdown$$00000002)
    __rt_lib_shutdown_fp_trap_1              0x080001eb   Thumb Code     0  libshutdown2.o(.ARM.Collect$$libshutdown$$00000009)
    __rt_lib_shutdown_heap_1                 0x080001eb   Thumb Code     0  libshutdown2.o(.ARM.Collect$$libshutdown$$00000011)
    __rt_lib_shutdown_return                 0x080001eb   Thumb Code     0  libshutdown2.o(.ARM.Collect$$libshutdown$$00000012)
    __rt_lib_shutdown_signal_1               0x080001eb   Thumb Code     0  libshutdown2.o(.ARM.Collect$$libshutdown$$0000000C)
    __rt_lib_shutdown_stdio_1                0x080001eb   Thumb Code     0  libshutdown2.o(.ARM.Collect$$libshutdown$$00000006)
    __rt_lib_shutdown_user_alloc_1           0x080001eb   Thumb Code     0  libshutdown2.o(.ARM.Collect$$libshutdown$$0000000E)
    __rt_entry                               0x080001ed   Thumb Code     0  __rtentry.o(.ARM.Collect$$rtentry$$00000000)
    __rt_entry_presh_1                       0x080001ed   Thumb Code     0  __rtentry2.o(.ARM.Collect$$rtentry$$00000002)
    __rt_entry_sh                            0x080001ed   Thumb Code     0  __rtentry4.o(.ARM.Collect$$rtentry$$00000004)
    __rt_entry_li                            0x080001f3   Thumb Code     0  __rtentry2.o(.ARM.Collect$$rtentry$$0000000A)
    __rt_entry_postsh_1                      0x080001f3   Thumb Code     0  __rtentry2.o(.ARM.Collect$$rtentry$$00000009)
    __rt_entry_main                          0x080001f7   Thumb Code     0  __rtentry2.o(.ARM.Collect$$rtentry$$0000000D)
    __rt_entry_postli_1                      0x080001f7   Thumb Code     0  __rtentry2.o(.ARM.Collect$$rtentry$$0000000C)
    __rt_exit                                0x080001ff   Thumb Code     0  rtexit.o(.ARM.Collect$$rtexit$$00000000)
    __rt_exit_ls                             0x08000201   Thumb Code     0  rtexit2.o(.ARM.Collect$$rtexit$$00000003)
    __rt_exit_prels_1                        0x08000201   Thumb Code     0  rtexit2.o(.ARM.Collect$$rtexit$$00000002)
    __rt_exit_exit                           0x08000205   Thumb Code     0  rtexit2.o(.ARM.Collect$$rtexit$$00000004)
    Reset_Handler                            0x0800020d   Thumb Code     8  startup_stm32f407xx.o(.text)
    NMI_Handler                              0x08000215   Thumb Code     2  startup_stm32f407xx.o(.text)
    HardFault_Handler                        0x08000217   Thumb Code     2  startup_stm32f407xx.o(.text)
    MemManage_Handler                        0x08000219   Thumb Code     2  startup_stm32f407xx.o(.text)
    BusFault_Handler                         0x0800021b   Thumb Code     2  startup_stm32f407xx.o(.text)
    UsageFault_Handler                       0x0800021d   Thumb Code     2  startup_stm32f407xx.o(.text)
    SVC_Handler                              0x0800021f   Thumb Code     2  startup_stm32f407xx.o(.text)
    DebugMon_Handler                         0x08000221   Thumb Code     2  startup_stm32f407xx.o(.text)
    PendSV_Handler                           0x08000223   Thumb Code     2  startup_stm32f407xx.o(.text)
    SysTick_Handler                          0x08000225   Thumb Code     2  startup_stm32f407xx.o(.text)
    ADC_IRQHandler                           0x08000227   Thumb Code     0  startup_stm32f407xx.o(.text)
    CAN1_RX0_IRQHandler                      0x08000227   Thumb Code     0  startup_stm32f407xx.o(.text)
    CAN1_RX1_IRQHandler                      0x08000227   Thumb Code     0  startup_stm32f407xx.o(.text)
    CAN1_SCE_IRQHandler                      0x08000227   Thumb Code     0  startup_stm32f407xx.o(.text)
    CAN1_TX_IRQHandler                       0x08000227   Thumb Code     0  startup_stm32f407xx.o(.text)
    CAN2_RX0_IRQHandler                      0x08000227   Thumb Code     0  startup_stm32f407xx.o(.text)
    CAN2_RX1_IRQHandler                      0x08000227   Thumb Code     0  startup_stm32f407xx.o(.text)
    CAN2_SCE_IRQHandler                      0x08000227   Thumb Code     0  startup_stm32f407xx.o(.text)
    CAN2_TX_IRQHandler                       0x08000227   Thumb Code     0  startup_stm32f407xx.o(.text)
    DCMI_IRQHandler                          0x08000227   Thumb Code     0  startup_stm32f407xx.o(.text)
    DMA1_Stream0_IRQHandler                  0x08000227   Thumb Code     0  startup_stm32f407xx.o(.text)
    DMA1_Stream1_IRQHandler                  0x08000227   Thumb Code     0  startup_stm32f407xx.o(.text)
    DMA1_Stream2_IRQHandler                  0x08000227   Thumb Code     0  startup_stm32f407xx.o(.text)
    DMA1_Stream3_IRQHandler                  0x08000227   Thumb Code     0  startup_stm32f407xx.o(.text)
    DMA1_Stream4_IRQHandler                  0x08000227   Thumb Code     0  startup_stm32f407xx.o(.text)
    DMA1_Stream5_IRQHandler                  0x08000227   Thumb Code     0  startup_stm32f407xx.o(.text)
    DMA1_Stream6_IRQHandler                  0x08000227   Thumb Code     0  startup_stm32f407xx.o(.text)
    DMA1_Stream7_IRQHandler                  0x08000227   Thumb Code     0  startup_stm32f407xx.o(.text)
    DMA2_Stream0_IRQHandler                  0x08000227   Thumb Code     0  startup_stm32f407xx.o(.text)
    DMA2_Stream1_IRQHandler                  0x08000227   Thumb Code     0  startup_stm32f407xx.o(.text)
    DMA2_Stream2_IRQHandler                  0x08000227   Thumb Code     0  startup_stm32f407xx.o(.text)
    DMA2_Stream3_IRQHandler                  0x08000227   Thumb Code     0  startup_stm32f407xx.o(.text)
    DMA2_Stream4_IRQHandler                  0x08000227   Thumb Code     0  startup_stm32f407xx.o(.text)
    DMA2_Stream5_IRQHandler                  0x08000227   Thumb Code     0  startup_stm32f407xx.o(.text)
    DMA2_Stream6_IRQHandler                  0x08000227   Thumb Code     0  startup_stm32f407xx.o(.text)
    DMA2_Stream7_IRQHandler                  0x08000227   Thumb Code     0  startup_stm32f407xx.o(.text)
    ETH_IRQHandler                           0x08000227   Thumb Code     0  startup_stm32f407xx.o(.text)
    ETH_WKUP_IRQHandler                      0x08000227   Thumb Code     0  startup_stm32f407xx.o(.text)
    EXTI0_IRQHandler                         0x08000227   Thumb Code     0  startup_stm32f407xx.o(.text)
    EXTI15_10_IRQHandler                     0x08000227   Thumb Code     0  startup_stm32f407xx.o(.text)
    EXTI1_IRQHandler                         0x08000227   Thumb Code     0  startup_stm32f407xx.o(.text)
    EXTI2_IRQHandler                         0x08000227   Thumb Code     0  startup_stm32f407xx.o(.text)
    EXTI3_IRQHandler                         0x08000227   Thumb Code     0  startup_stm32f407xx.o(.text)
    EXTI4_IRQHandler                         0x08000227   Thumb Code     0  startup_stm32f407xx.o(.text)
    EXTI9_5_IRQHandler                       0x08000227   Thumb Code     0  startup_stm32f407xx.o(.text)
    FLASH_IRQHandler                         0x08000227   Thumb Code     0  startup_stm32f407xx.o(.text)
    FMC_IRQHandler                           0x08000227   Thumb Code     0  startup_stm32f407xx.o(.text)
    FPU_IRQHandler                           0x08000227   Thumb Code     0  startup_stm32f407xx.o(.text)
    HASH_RNG_IRQHandler                      0x08000227   Thumb Code     0  startup_stm32f407xx.o(.text)
    I2C1_ER_IRQHandler                       0x08000227   Thumb Code     0  startup_stm32f407xx.o(.text)
    I2C1_EV_IRQHandler                       0x08000227   Thumb Code     0  startup_stm32f407xx.o(.text)
    I2C2_ER_IRQHandler                       0x08000227   Thumb Code     0  startup_stm32f407xx.o(.text)
    I2C2_EV_IRQHandler                       0x08000227   Thumb Code     0  startup_stm32f407xx.o(.text)
    I2C3_ER_IRQHandler                       0x08000227   Thumb Code     0  startup_stm32f407xx.o(.text)
    I2C3_EV_IRQHandler                       0x08000227   Thumb Code     0  startup_stm32f407xx.o(.text)
    OTG_FS_IRQHandler                        0x08000227   Thumb Code     0  startup_stm32f407xx.o(.text)
    OTG_FS_WKUP_IRQHandler                   0x08000227   Thumb Code     0  startup_stm32f407xx.o(.text)
    OTG_HS_EP1_IN_IRQHandler                 0x08000227   Thumb Code     0  startup_stm32f407xx.o(.text)
    OTG_HS_EP1_OUT_IRQHandler                0x08000227   Thumb Code     0  startup_stm32f407xx.o(.text)
    OTG_HS_IRQHandler                        0x08000227   Thumb Code     0  startup_stm32f407xx.o(.text)
    OTG_HS_WKUP_IRQHandler                   0x08000227   Thumb Code     0  startup_stm32f407xx.o(.text)
    PVD_IRQHandler                           0x08000227   Thumb Code     0  startup_stm32f407xx.o(.text)
    RCC_IRQHandler                           0x08000227   Thumb Code     0  startup_stm32f407xx.o(.text)
    RTC_Alarm_IRQHandler                     0x08000227   Thumb Code     0  startup_stm32f407xx.o(.text)
    RTC_WKUP_IRQHandler                      0x08000227   Thumb Code     0  startup_stm32f407xx.o(.text)
    SDIO_IRQHandler                          0x08000227   Thumb Code     0  startup_stm32f407xx.o(.text)
    SPI1_IRQHandler                          0x08000227   Thumb Code     0  startup_stm32f407xx.o(.text)
    SPI2_IRQHandler                          0x08000227   Thumb Code     0  startup_stm32f407xx.o(.text)
    SPI3_IRQHandler                          0x08000227   Thumb Code     0  startup_stm32f407xx.o(.text)
    TAMP_STAMP_IRQHandler                    0x08000227   Thumb Code     0  startup_stm32f407xx.o(.text)
    TIM1_BRK_TIM9_IRQHandler                 0x08000227   Thumb Code     0  startup_stm32f407xx.o(.text)
    TIM1_CC_IRQHandler                       0x08000227   Thumb Code     0  startup_stm32f407xx.o(.text)
    TIM1_TRG_COM_TIM11_IRQHandler            0x08000227   Thumb Code     0  startup_stm32f407xx.o(.text)
    TIM1_UP_TIM10_IRQHandler                 0x08000227   Thumb Code     0  startup_stm32f407xx.o(.text)
    TIM2_IRQHandler                          0x08000227   Thumb Code     0  startup_stm32f407xx.o(.text)
    TIM3_IRQHandler                          0x08000227   Thumb Code     0  startup_stm32f407xx.o(.text)
    TIM4_IRQHandler                          0x08000227   Thumb Code     0  startup_stm32f407xx.o(.text)
    TIM5_IRQHandler                          0x08000227   Thumb Code     0  startup_stm32f407xx.o(.text)
    TIM6_DAC_IRQHandler                      0x08000227   Thumb Code     0  startup_stm32f407xx.o(.text)
    TIM7_IRQHandler                          0x08000227   Thumb Code     0  startup_stm32f407xx.o(.text)
    TIM8_BRK_TIM12_IRQHandler                0x08000227   Thumb Code     0  startup_stm32f407xx.o(.text)
    TIM8_CC_IRQHandler                       0x08000227   Thumb Code     0  startup_stm32f407xx.o(.text)
    TIM8_TRG_COM_TIM14_IRQHandler            0x08000227   Thumb Code     0  startup_stm32f407xx.o(.text)
    TIM8_UP_TIM13_IRQHandler                 0x08000227   Thumb Code     0  startup_stm32f407xx.o(.text)
    UART4_IRQHandler                         0x08000227   Thumb Code     0  startup_stm32f407xx.o(.text)
    UART5_IRQHandler                         0x08000227   Thumb Code     0  startup_stm32f407xx.o(.text)
    USART1_IRQHandler                        0x08000227   Thumb Code     0  startup_stm32f407xx.o(.text)
    USART2_IRQHandler                        0x08000227   Thumb Code     0  startup_stm32f407xx.o(.text)
    USART3_IRQHandler                        0x08000227   Thumb Code     0  startup_stm32f407xx.o(.text)
    USART6_IRQHandler                        0x08000227   Thumb Code     0  startup_stm32f407xx.o(.text)
    WWDG_IRQHandler                          0x08000227   Thumb Code     0  startup_stm32f407xx.o(.text)
    __user_initial_stackheap                 0x08000229   Thumb Code     0  startup_stm32f407xx.o(.text)
    __use_two_region_memory                  0x0800024d   Thumb Code     2  heapauxi.o(.text)
    __rt_heap_escrow$2region                 0x0800024f   Thumb Code     2  heapauxi.o(.text)
    __rt_heap_expand$2region                 0x08000251   Thumb Code     2  heapauxi.o(.text)
    __user_libspace                          0x08000255   Thumb Code     8  libspace.o(.text)
    __user_perproc_libspace                  0x08000255   Thumb Code     0  libspace.o(.text)
    __user_perthread_libspace                0x08000255   Thumb Code     0  libspace.o(.text)
    __user_setup_stackheap                   0x0800025d   Thumb Code    74  sys_stackheap_outer.o(.text)
    exit                                     0x080002a7   Thumb Code    18  exit.o(.text)
    _sys_exit                                0x080002b9   Thumb Code     8  sys_exit.o(.text)
    __I$use$semihosting                      0x080002c5   Thumb Code     0  use_no_semi.o(.text)
    __use_no_semihosting_swi                 0x080002c5   Thumb Code     2  use_no_semi.o(.text)
    __semihosting_library_function           0x080002c7   Thumb Code     0  indicate_semi.o(.text)
    SystemInit                               0x080002c9   Thumb Code    14  system_stm32f4xx.o(i.SystemInit)
    TimerPeriClock(TIM_TypeDef*, unsigned char) 0x080002dd   Thumb Code   304  timer.o(i._Z14TimerPeriClockP11TIM_TypeDefh)
    stand_up_required_pos()                  0x0800041d   Thumb Code   908  common.o(i._Z21stand_up_required_posv)
    GPIO_Periclock_control(GPIO_TypeDef*, unsigned char) 0x080007c5   Thumb Code   328  gpio.o(i._Z22GPIO_Periclock_controlP12GPIO_TypeDefh)
    Check()                                  0x08000911   Thumb Code    52  common.o(i._Z5Checkv)
    waitms(unsigned short)                   0x08000951   Thumb Code    26  timer.o(i._Z6waitmst)
    waitus(unsigned short)                   0x0800096d   Thumb Code    56  timer.o(i._Z6waitust)
    PWM_1_a()                                0x080009a9   Thumb Code   144  common.o(i._Z7PWM_1_av)
    PWM_1_b()                                0x08000a41   Thumb Code    98  common.o(i._Z7PWM_1_bv)
    PWM_1_c()                                0x08000aad   Thumb Code    98  common.o(i._Z7PWM_1_cv)
    PWM_2_a()                                0x08000b19   Thumb Code   144  common.o(i._Z7PWM_2_av)
    PWM_2_b()                                0x08000bb1   Thumb Code    98  common.o(i._Z7PWM_2_bv)
    PWM_2_c()                                0x08000c1d   Thumb Code    98  common.o(i._Z7PWM_2_cv)
    PWM_3_a()                                0x08000c89   Thumb Code   130  common.o(i._Z7PWM_3_av)
    PWM_3_b()                                0x08000d11   Thumb Code    96  common.o(i._Z7PWM_3_bv)
    PWM_3_c()                                0x08000d75   Thumb Code    96  common.o(i._Z7PWM_3_cv)
    PWM_4_a()                                0x08000dd9   Thumb Code   140  common.o(i._Z7PWM_4_av)
    PWM_4_b()                                0x08000e6d   Thumb Code    92  common.o(i._Z7PWM_4_bv)
    PWM_4_c()                                0x08000ed1   Thumb Code    92  common.o(i._Z7PWM_4_cv)
    slide_1()                                0x08000f35   Thumb Code   118  common.o(i._Z7slide_1v)
    slide_2()                                0x08000fb9   Thumb Code   122  common.o(i._Z7slide_2v)
    RCC_Init()                               0x08001041   Thumb Code   196  rcc.o(i._Z8RCC_Initv)
    step_1st()                               0x08001111   Thumb Code   164  common.o(i._Z8step_1stv)
    step_2nd()                               0x080011b9   Thumb Code   170  common.o(i._Z8step_2ndv)
    step_3rd()                               0x08001269   Thumb Code   170  common.o(i._Z8step_3rdv)
    step_4th()                               0x08001315   Thumb Code   238  common.o(i._Z8step_4thv)
    GPIO_Init(GPIO_Handle_t*)                0x08001419   Thumb Code   504  gpio.o(i._Z9GPIO_InitP13GPIO_Handle_t)
    delay_con()                              0x0800161d   Thumb Code    42  timer.o(i._Z9delay_conv)
    main                                     0x0800164d   Thumb Code   140  main.o(i.main)
    __aeabi_dadd                             0x080016d9   Thumb Code     0  daddsub_clz.o(x$fpl$dadd)
    _dadd                                    0x080016d9   Thumb Code   332  daddsub_clz.o(x$fpl$dadd)
    __aeabi_d2uiz                            0x08001829   Thumb Code     0  dfixu.o(x$fpl$dfixu)
    _dfixu                                   0x08001829   Thumb Code    90  dfixu.o(x$fpl$dfixu)
    __aeabi_i2d                              0x08001883   Thumb Code     0  dflt_clz.o(x$fpl$dflt)
    _dflt                                    0x08001883   Thumb Code    46  dflt_clz.o(x$fpl$dflt)
    __aeabi_dmul                             0x080018b1   Thumb Code     0  dmul.o(x$fpl$dmul)
    _dmul                                    0x080018b1   Thumb Code   332  dmul.o(x$fpl$dmul)
    __fpl_dnaninf                            0x08001a05   Thumb Code   156  dnaninf.o(x$fpl$dnaninf)
    __fpl_dretinf                            0x08001aa1   Thumb Code    12  dretinf.o(x$fpl$dretinf)
    __aeabi_dsub                             0x08001aad   Thumb Code     0  daddsub_clz.o(x$fpl$dsub)
    _dsub                                    0x08001aad   Thumb Code   464  daddsub_clz.o(x$fpl$dsub)
    _fp_init                                 0x08001c81   Thumb Code    10  fpinit.o(x$fpl$fpinit)
    __fplib_config_fpu_vfp                   0x08001c89   Thumb Code     0  fpinit.o(x$fpl$fpinit)
    __fplib_config_pureend_doubles           0x08001c89   Thumb Code     0  fpinit.o(x$fpl$fpinit)
    __I$use$fp                               0x08001c8a   Number         0  usenofp.o(x$fpl$usenofp)
    Region$$Table$$Base                      0x08001c8c   Number         0  anon$$obj.o(Region$$Table)
    Region$$Table$$Limit                     0x08001c9c   Number         0  anon$$obj.o(Region$$Table)
    __libspace_start                         0x20000000   Data          96  libspace.o(.bss)
    __temporary_stack_top$libspace           0x20000060   Data           0  libspace.o(.bss)



==============================================================================

Memory Map of the image

  Image Entry point : 0x08000189

  Load Region LR_IROM1 (Base: 0x08000000, Size: 0x00001c9c, Max: 0x00100000, ABSOLUTE)

    Execution Region ER_IROM1 (Exec base: 0x08000000, Load base: 0x08000000, Size: 0x00001c9c, Max: 0x00100000, ABSOLUTE)

    Exec Addr    Load Addr    Size         Type   Attr      Idx    E Section Name        Object

    0x08000000   0x08000000   0x00000188   Data   RO          684    RESET               startup_stm32f407xx.o
    0x08000188   0x08000188   0x00000008   Code   RO          756  * !!!main             c_w.l(__main.o)
    0x08000190   0x08000190   0x00000034   Code   RO         1054    !!!scatter          c_w.l(__scatter.o)
    0x080001c4   0x080001c4   0x0000001c   Code   RO         1056    !!handler_zi        c_w.l(__scatter_zi.o)
    0x080001e0   0x080001e0   0x00000002   Code   RO          921    .ARM.Collect$$libinit$$00000000  c_w.l(libinit.o)
    0x080001e2   0x080001e2   0x00000004   Code   RO          926    .ARM.Collect$$libinit$$00000001  c_w.l(libinit2.o)
    0x080001e6   0x080001e6   0x00000000   Code   RO          929    .ARM.Collect$$libinit$$00000004  c_w.l(libinit2.o)
    0x080001e6   0x080001e6   0x00000000   Code   RO          932    .ARM.Collect$$libinit$$0000000A  c_w.l(libinit2.o)
    0x080001e6   0x080001e6   0x00000000   Code   RO          934    .ARM.Collect$$libinit$$0000000C  c_w.l(libinit2.o)
    0x080001e6   0x080001e6   0x00000000   Code   RO          936    .ARM.Collect$$libinit$$0000000E  c_w.l(libinit2.o)
    0x080001e6   0x080001e6   0x00000000   Code   RO          939    .ARM.Collect$$libinit$$00000011  c_w.l(libinit2.o)
    0x080001e6   0x080001e6   0x00000000   Code   RO          941    .ARM.Collect$$libinit$$00000013  c_w.l(libinit2.o)
    0x080001e6   0x080001e6   0x00000000   Code   RO          943    .ARM.Collect$$libinit$$00000015  c_w.l(libinit2.o)
    0x080001e6   0x080001e6   0x00000000   Code   RO          945    .ARM.Collect$$libinit$$00000017  c_w.l(libinit2.o)
    0x080001e6   0x080001e6   0x00000000   Code   RO          947    .ARM.Collect$$libinit$$00000019  c_w.l(libinit2.o)
    0x080001e6   0x080001e6   0x00000000   Code   RO          949    .ARM.Collect$$libinit$$0000001B  c_w.l(libinit2.o)
    0x080001e6   0x080001e6   0x00000000   Code   RO          951    .ARM.Collect$$libinit$$0000001D  c_w.l(libinit2.o)
    0x080001e6   0x080001e6   0x00000000   Code   RO          953    .ARM.Collect$$libinit$$0000001F  c_w.l(libinit2.o)
    0x080001e6   0x080001e6   0x00000000   Code   RO          955    .ARM.Collect$$libinit$$00000021  c_w.l(libinit2.o)
    0x080001e6   0x080001e6   0x00000000   Code   RO          957    .ARM.Collect$$libinit$$00000023  c_w.l(libinit2.o)
    0x080001e6   0x080001e6   0x00000000   Code   RO          959    .ARM.Collect$$libinit$$00000025  c_w.l(libinit2.o)
    0x080001e6   0x080001e6   0x00000000   Code   RO          963    .ARM.Collect$$libinit$$0000002C  c_w.l(libinit2.o)
    0x080001e6   0x080001e6   0x00000000   Code   RO          965    .ARM.Collect$$libinit$$0000002E  c_w.l(libinit2.o)
    0x080001e6   0x080001e6   0x00000000   Code   RO          967    .ARM.Collect$$libinit$$00000030  c_w.l(libinit2.o)
    0x080001e6   0x080001e6   0x00000000   Code   RO          969    .ARM.Collect$$libinit$$00000032  c_w.l(libinit2.o)
    0x080001e6   0x080001e6   0x00000002   Code   RO          970    .ARM.Collect$$libinit$$00000033  c_w.l(libinit2.o)
    0x080001e8   0x080001e8   0x00000002   Code   RO          992    .ARM.Collect$$libshutdown$$00000000  c_w.l(libshutdown.o)
    0x080001ea   0x080001ea   0x00000000   Code   RO         1005    .ARM.Collect$$libshutdown$$00000002  c_w.l(libshutdown2.o)
    0x080001ea   0x080001ea   0x00000000   Code   RO         1007    .ARM.Collect$$libshutdown$$00000004  c_w.l(libshutdown2.o)
    0x080001ea   0x080001ea   0x00000000   Code   RO         1009    .ARM.Collect$$libshutdown$$00000006  c_w.l(libshutdown2.o)
    0x080001ea   0x080001ea   0x00000000   Code   RO         1012    .ARM.Collect$$libshutdown$$00000009  c_w.l(libshutdown2.o)
    0x080001ea   0x080001ea   0x00000000   Code   RO         1015    .ARM.Collect$$libshutdown$$0000000C  c_w.l(libshutdown2.o)
    0x080001ea   0x080001ea   0x00000000   Code   RO         1017    .ARM.Collect$$libshutdown$$0000000E  c_w.l(libshutdown2.o)
    0x080001ea   0x080001ea   0x00000000   Code   RO         1020    .ARM.Collect$$libshutdown$$00000011  c_w.l(libshutdown2.o)
    0x080001ea   0x080001ea   0x00000002   Code   RO         1021    .ARM.Collect$$libshutdown$$00000012  c_w.l(libshutdown2.o)
    0x080001ec   0x080001ec   0x00000000   Code   RO          814    .ARM.Collect$$rtentry$$00000000  c_w.l(__rtentry.o)
    0x080001ec   0x080001ec   0x00000000   Code   RO          886    .ARM.Collect$$rtentry$$00000002  c_w.l(__rtentry2.o)
    0x080001ec   0x080001ec   0x00000006   Code   RO          898    .ARM.Collect$$rtentry$$00000004  c_w.l(__rtentry4.o)
    0x080001f2   0x080001f2   0x00000000   Code   RO          888    .ARM.Collect$$rtentry$$00000009  c_w.l(__rtentry2.o)
    0x080001f2   0x080001f2   0x00000004   Code   RO          889    .ARM.Collect$$rtentry$$0000000A  c_w.l(__rtentry2.o)
    0x080001f6   0x080001f6   0x00000000   Code   RO          891    .ARM.Collect$$rtentry$$0000000C  c_w.l(__rtentry2.o)
    0x080001f6   0x080001f6   0x00000008   Code   RO          892    .ARM.Collect$$rtentry$$0000000D  c_w.l(__rtentry2.o)
    0x080001fe   0x080001fe   0x00000002   Code   RO          924    .ARM.Collect$$rtexit$$00000000  c_w.l(rtexit.o)
    0x08000200   0x08000200   0x00000000   Code   RO          974    .ARM.Collect$$rtexit$$00000002  c_w.l(rtexit2.o)
    0x08000200   0x08000200   0x00000004   Code   RO          975    .ARM.Collect$$rtexit$$00000003  c_w.l(rtexit2.o)
    0x08000204   0x08000204   0x00000006   Code   RO          976    .ARM.Collect$$rtexit$$00000004  c_w.l(rtexit2.o)
    0x0800020a   0x0800020a   0x00000002   PAD
    0x0800020c   0x0800020c   0x00000040   Code   RO          685    .text               startup_stm32f407xx.o
    0x0800024c   0x0800024c   0x00000006   Code   RO          754    .text               c_w.l(heapauxi.o)
    0x08000252   0x08000252   0x00000002   PAD
    0x08000254   0x08000254   0x00000008   Code   RO          909    .text               c_w.l(libspace.o)
    0x0800025c   0x0800025c   0x0000004a   Code   RO          912    .text               c_w.l(sys_stackheap_outer.o)
    0x080002a6   0x080002a6   0x00000012   Code   RO          914    .text               c_w.l(exit.o)
    0x080002b8   0x080002b8   0x0000000c   Code   RO          984    .text               c_w.l(sys_exit.o)
    0x080002c4   0x080002c4   0x00000002   Code   RO          995    .text               c_w.l(use_no_semi.o)
    0x080002c6   0x080002c6   0x00000000   Code   RO          997    .text               c_w.l(indicate_semi.o)
    0x080002c6   0x080002c6   0x00000002   PAD
    0x080002c8   0x080002c8   0x00000014   Code   RO          693    i.SystemInit        system_stm32f4xx.o
    0x080002dc   0x080002dc   0x00000140   Code   RO          311    i._Z14TimerPeriClockP11TIM_TypeDefh  timer.o
    0x0800041c   0x0800041c   0x000003a8   Code   RO          467    i._Z21stand_up_required_posv  common.o
    0x080007c4   0x080007c4   0x0000014c   Code   RO           10    i._Z22GPIO_Periclock_controlP12GPIO_TypeDefh  gpio.o
    0x08000910   0x08000910   0x00000040   Code   RO          469    i._Z5Checkv         common.o
    0x08000950   0x08000950   0x0000001a   Code   RO          313    i._Z6waitmst        timer.o
    0x0800096a   0x0800096a   0x00000002   PAD
    0x0800096c   0x0800096c   0x0000003c   Code   RO          314    i._Z6waitust        timer.o
    0x080009a8   0x080009a8   0x00000098   Code   RO          470    i._Z7PWM_1_av       common.o
    0x08000a40   0x08000a40   0x0000006c   Code   RO          471    i._Z7PWM_1_bv       common.o
    0x08000aac   0x08000aac   0x0000006c   Code   RO          472    i._Z7PWM_1_cv       common.o
    0x08000b18   0x08000b18   0x00000098   Code   RO          473    i._Z7PWM_2_av       common.o
    0x08000bb0   0x08000bb0   0x0000006c   Code   RO          474    i._Z7PWM_2_bv       common.o
    0x08000c1c   0x08000c1c   0x0000006c   Code   RO          475    i._Z7PWM_2_cv       common.o
    0x08000c88   0x08000c88   0x00000088   Code   RO          476    i._Z7PWM_3_av       common.o
    0x08000d10   0x08000d10   0x00000064   Code   RO          477    i._Z7PWM_3_bv       common.o
    0x08000d74   0x08000d74   0x00000064   Code   RO          478    i._Z7PWM_3_cv       common.o
    0x08000dd8   0x08000dd8   0x00000094   Code   RO          479    i._Z7PWM_4_av       common.o
    0x08000e6c   0x08000e6c   0x00000064   Code   RO          480    i._Z7PWM_4_bv       common.o
    0x08000ed0   0x08000ed0   0x00000064   Code   RO          481    i._Z7PWM_4_cv       common.o
    0x08000f34   0x08000f34   0x00000084   Code   RO          482    i._Z7slide_1v       common.o
    0x08000fb8   0x08000fb8   0x00000088   Code   RO          483    i._Z7slide_2v       common.o
    0x08001040   0x08001040   0x000000d0   Code   RO          219    i._Z8RCC_Initv      rcc.o
    0x08001110   0x08001110   0x000000a8   Code   RO          485    i._Z8step_1stv      common.o
    0x080011b8   0x080011b8   0x000000b0   Code   RO          486    i._Z8step_2ndv      common.o
    0x08001268   0x08001268   0x000000aa   Code   RO          487    i._Z8step_3rdv      common.o
    0x08001312   0x08001312   0x00000002   PAD
    0x08001314   0x08001314   0x00000104   Code   RO          488    i._Z8step_4thv      common.o
    0x08001418   0x08001418   0x00000204   Code   RO           11    i._Z9GPIO_InitP13GPIO_Handle_t  gpio.o
    0x0800161c   0x0800161c   0x00000030   Code   RO          316    i._Z9delay_conv     timer.o
    0x0800164c   0x0800164c   0x0000008c   Code   RO          642    i.main              main.o
    0x080016d8   0x080016d8   0x00000150   Code   RO          760    x$fpl$dadd          fz_wm.l(daddsub_clz.o)
    0x08001828   0x08001828   0x0000005a   Code   RO          770    x$fpl$dfixu         fz_wm.l(dfixu.o)
    0x08001882   0x08001882   0x0000002e   Code   RO          775    x$fpl$dflt          fz_wm.l(dflt_clz.o)
    0x080018b0   0x080018b0   0x00000154   Code   RO          782    x$fpl$dmul          fz_wm.l(dmul.o)
    0x08001a04   0x08001a04   0x0000009c   Code   RO          823    x$fpl$dnaninf       fz_wm.l(dnaninf.o)
    0x08001aa0   0x08001aa0   0x0000000c   Code   RO          825    x$fpl$dretinf       fz_wm.l(dretinf.o)
    0x08001aac   0x08001aac   0x000001d4   Code   RO          762    x$fpl$dsub          fz_wm.l(daddsub_clz.o)
    0x08001c80   0x08001c80   0x0000000a   Code   RO          982    x$fpl$fpinit        fz_wm.l(fpinit.o)
    0x08001c8a   0x08001c8a   0x00000000   Code   RO          831    x$fpl$usenofp       fz_wm.l(usenofp.o)
    0x08001c8a   0x08001c8a   0x00000002   PAD
    0x08001c8c   0x08001c8c   0x00000010   Data   RO         1052    Region$$Table       anon$$obj.o


    Execution Region RW_IRAM1 (Exec base: 0x20000000, Load base: 0x08001c9c, Size: 0x00000660, Max: 0x00020000, ABSOLUTE)

    Exec Addr    Load Addr    Size         Type   Attr      Idx    E Section Name        Object

    0x20000000        -       0x00000060   Zero   RW          910    .bss                c_w.l(libspace.o)
    0x20000060        -       0x00000200   Zero   RW          683    HEAP                startup_stm32f407xx.o
    0x20000260        -       0x00000400   Zero   RW          682    STACK               startup_stm32f407xx.o


==============================================================================

Image component sizes


      Code (inc. data)   RO Data    RW Data    ZI Data      Debug   Object Name

      3462        194          0          0          0      11036   common.o
       848         36          0          0          0     568373   gpio.o
       140          0          0          0          0        575   main.o
       208         12          0          0          0        507   rcc.o
        64         26        392          0       1536        876   startup_stm32f407xx.o
        20          6          0          0          0       1953   system_stm32f4xx.o
       454         26          0          0          0       3531   timer.o

    ----------------------------------------------------------------------
      5200        300        408          0       1536     586851   Object Totals
         0          0         16          0          0          0   (incl. Generated)
         4          0          0          0          0          0   (incl. Padding)

    ----------------------------------------------------------------------

      Code (inc. data)   RO Data    RW Data    ZI Data      Debug   Library Member Name

         8          0          0          0          0         68   __main.o
         0          0          0          0          0          0   __rtentry.o
        12          0          0          0          0          0   __rtentry2.o
         6          0          0          0          0          0   __rtentry4.o
        52          8          0          0          0          0   __scatter.o
        28          0          0          0          0          0   __scatter_zi.o
        18          0          0          0          0         80   exit.o
         6          0          0          0          0        152   heapauxi.o
         0          0          0          0          0          0   indicate_semi.o
         2          0          0          0          0          0   libinit.o
         6          0          0          0          0          0   libinit2.o
         2          0          0          0          0          0   libshutdown.o
         2          0          0          0          0          0   libshutdown2.o
         8          4          0          0         96         68   libspace.o
         2          0          0          0          0          0   rtexit.o
        10          0          0          0          0          0   rtexit2.o
        12          4          0          0          0         68   sys_exit.o
        74          0          0          0          0         80   sys_stackheap_outer.o
         2          0          0          0          0         68   use_no_semi.o
       804         16          0          0          0        368   daddsub_clz.o
        90          4          0          0          0        140   dfixu.o
        46          0          0          0          0        116   dflt_clz.o
       340         12          0          0          0        152   dmul.o
       156          4          0          0          0        140   dnaninf.o
        12          0          0          0          0        116   dretinf.o
        10          0          0          0          0        116   fpinit.o
         0          0          0          0          0          0   usenofp.o

    ----------------------------------------------------------------------
      1716         52          0          0         96       1732   Library Totals
         8          0          0          0          0          0   (incl. Padding)

    ----------------------------------------------------------------------

      Code (inc. data)   RO Data    RW Data    ZI Data      Debug   Library Name

       250         16          0          0         96        584   c_w.l
      1458         36          0          0          0       1148   fz_wm.l

    ----------------------------------------------------------------------
      1716         52          0          0         96       1732   Library Totals

    ----------------------------------------------------------------------

==============================================================================


      Code (inc. data)   RO Data    RW Data    ZI Data      Debug   

      6916        352        408          0       1632     585159   Grand Totals
      6916        352        408          0       1632     585159   ELF Image Totals
      6916        352        408          0          0          0   ROM Totals

==============================================================================

    Total RO  Size (Code + RO Data)                 7324 (   7.15kB)
    Total RW  Size (RW Data + ZI Data)              1632 (   1.59kB)
    Total ROM Size (Code + RO Data + RW Data)       7324 (   7.15kB)

==============================================================================

